Archive member included to satisfy reference by file (symbol)

e:/firmware/tool_chain/9-2020-q2-update/bin/../lib/gcc/arm-none-eabi/9.3.1/thumb/v6-m/nofp\libgcc.a(_udivsi3.o)
                              ./Device/Driver/Src/r_system/r_system_api.o (__aeabi_uidiv)
e:/firmware/tool_chain/9-2020-q2-update/bin/../lib/gcc/arm-none-eabi/9.3.1/thumb/v6-m/nofp\libgcc.a(_divsi3.o)
                              ./Device/CMSIS_Driver/Src/r_spi_cmsis_api.o (__aeabi_idiv)
e:/firmware/tool_chain/9-2020-q2-update/bin/../lib/gcc/arm-none-eabi/9.3.1/thumb/v6-m/nofp\libgcc.a(_dvmd_tls.o)
                              e:/firmware/tool_chain/9-2020-q2-update/bin/../lib/gcc/arm-none-eabi/9.3.1/thumb/v6-m/nofp\libgcc.a(_udivsi3.o) (__aeabi_idiv0)
e:/firmware/tool_chain/9-2020-q2-update/bin/../lib/gcc/arm-none-eabi/9.3.1/thumb/v6-m/nofp\libgcc.a(_arm_cmpdf2.o)
                              ./Device/CMSIS_Driver/Src/r_i2c_cmsis_api.o (__aeabi_dcmplt)
e:/firmware/tool_chain/9-2020-q2-update/bin/../lib/gcc/arm-none-eabi/9.3.1/thumb/v6-m/nofp\libgcc.a(_muldi3.o)
                              ./Device/Driver/Src/r_system/r_system_api.o (__aeabi_lmul)
e:/firmware/tool_chain/9-2020-q2-update/bin/../lib/gcc/arm-none-eabi/9.3.1/thumb/v6-m/nofp\libgcc.a(_fixunssfsi.o)
                              ./Device/Driver/Src/r_fwup/src/r_fwup_boot_loader.o (__aeabi_f2uiz)
e:/firmware/tool_chain/9-2020-q2-update/bin/../lib/gcc/arm-none-eabi/9.3.1/thumb/v6-m/nofp\libgcc.a(_fixunsdfsi.o)
                              ./Device/CMSIS_Driver/Src/r_i2c_cmsis_api.o (__aeabi_d2uiz)
e:/firmware/tool_chain/9-2020-q2-update/bin/../lib/gcc/arm-none-eabi/9.3.1/thumb/v6-m/nofp\libgcc.a(divsf3.o)
                              ./Device/Driver/Src/r_fwup/src/r_fwup_boot_loader.o (__aeabi_fdiv)
e:/firmware/tool_chain/9-2020-q2-update/bin/../lib/gcc/arm-none-eabi/9.3.1/thumb/v6-m/nofp\libgcc.a(mulsf3.o)
                              ./Device/Driver/Src/r_fwup/src/r_fwup_boot_loader.o (__aeabi_fmul)
e:/firmware/tool_chain/9-2020-q2-update/bin/../lib/gcc/arm-none-eabi/9.3.1/thumb/v6-m/nofp\libgcc.a(subsf3.o)
                              e:/firmware/tool_chain/9-2020-q2-update/bin/../lib/gcc/arm-none-eabi/9.3.1/thumb/v6-m/nofp\libgcc.a(_fixunssfsi.o) (__aeabi_fsub)
e:/firmware/tool_chain/9-2020-q2-update/bin/../lib/gcc/arm-none-eabi/9.3.1/thumb/v6-m/nofp\libgcc.a(fixsfsi.o)
                              e:/firmware/tool_chain/9-2020-q2-update/bin/../lib/gcc/arm-none-eabi/9.3.1/thumb/v6-m/nofp\libgcc.a(_fixunssfsi.o) (__aeabi_f2iz)
e:/firmware/tool_chain/9-2020-q2-update/bin/../lib/gcc/arm-none-eabi/9.3.1/thumb/v6-m/nofp\libgcc.a(floatunsisf.o)
                              ./Device/Driver/Src/r_fwup/src/r_fwup_boot_loader.o (__aeabi_ui2f)
e:/firmware/tool_chain/9-2020-q2-update/bin/../lib/gcc/arm-none-eabi/9.3.1/thumb/v6-m/nofp\libgcc.a(adddf3.o)
                              ./Device/CMSIS_Driver/Src/r_i2c_cmsis_api.o (__aeabi_dadd)
e:/firmware/tool_chain/9-2020-q2-update/bin/../lib/gcc/arm-none-eabi/9.3.1/thumb/v6-m/nofp\libgcc.a(divdf3.o)
                              ./Device/CMSIS_Driver/Src/r_i2c_cmsis_api.o (__aeabi_ddiv)
e:/firmware/tool_chain/9-2020-q2-update/bin/../lib/gcc/arm-none-eabi/9.3.1/thumb/v6-m/nofp\libgcc.a(eqdf2.o)
                              e:/firmware/tool_chain/9-2020-q2-update/bin/../lib/gcc/arm-none-eabi/9.3.1/thumb/v6-m/nofp\libgcc.a(_arm_cmpdf2.o) (__eqdf2)
e:/firmware/tool_chain/9-2020-q2-update/bin/../lib/gcc/arm-none-eabi/9.3.1/thumb/v6-m/nofp\libgcc.a(gedf2.o)
                              e:/firmware/tool_chain/9-2020-q2-update/bin/../lib/gcc/arm-none-eabi/9.3.1/thumb/v6-m/nofp\libgcc.a(_arm_cmpdf2.o) (__gedf2)
e:/firmware/tool_chain/9-2020-q2-update/bin/../lib/gcc/arm-none-eabi/9.3.1/thumb/v6-m/nofp\libgcc.a(ledf2.o)
                              e:/firmware/tool_chain/9-2020-q2-update/bin/../lib/gcc/arm-none-eabi/9.3.1/thumb/v6-m/nofp\libgcc.a(_arm_cmpdf2.o) (__ledf2)
e:/firmware/tool_chain/9-2020-q2-update/bin/../lib/gcc/arm-none-eabi/9.3.1/thumb/v6-m/nofp\libgcc.a(subdf3.o)
                              ./Device/CMSIS_Driver/Src/r_i2c_cmsis_api.o (__aeabi_dsub)
e:/firmware/tool_chain/9-2020-q2-update/bin/../lib/gcc/arm-none-eabi/9.3.1/thumb/v6-m/nofp\libgcc.a(fixdfsi.o)
                              e:/firmware/tool_chain/9-2020-q2-update/bin/../lib/gcc/arm-none-eabi/9.3.1/thumb/v6-m/nofp\libgcc.a(_fixunsdfsi.o) (__aeabi_d2iz)
e:/firmware/tool_chain/9-2020-q2-update/bin/../lib/gcc/arm-none-eabi/9.3.1/thumb/v6-m/nofp\libgcc.a(floatsidf.o)
                              ./Device/CMSIS_Driver/Src/r_i2c_cmsis_api.o (__aeabi_i2d)
e:/firmware/tool_chain/9-2020-q2-update/bin/../lib/gcc/arm-none-eabi/9.3.1/thumb/v6-m/nofp\libgcc.a(floatunsidf.o)
                              ./Device/CMSIS_Driver/Src/r_i2c_cmsis_api.o (__aeabi_ui2d)
e:/firmware/tool_chain/9-2020-q2-update/bin/../lib/gcc/arm-none-eabi/9.3.1/thumb/v6-m/nofp\libgcc.a(_arm_cmpsf2.o)
[...]
Memory Configuration

Name             Origin             Length             Attributes
FLASH            0x00000000         0x00020000         xr
OFS              0x0100a150         0x00000018         xr
E2S_TRACE_BUF    0x20000000         0x00000400         rw
RAM              0x20000400         0x0003fc00         xrw
QSPI_FLASH       0x60000000         0x08000000         xr
*default*        0x00000000         0xffffffff

Linker script and memory map

LOAD e:/firmware/tool_chain/9-2020-q2-update/bin/../lib/gcc/arm-none-eabi/9.3.1/thumb/v6-m/nofp/crti.o
LOAD e:/firmware/tool_chain/9-2020-q2-update/bin/../lib/gcc/arm-none-eabi/9.3.1/thumb/v6-m/nofp/crtbegin.o
LOAD e:/firmware/tool_chain/9-2020-q2-update/bin/../lib/gcc/arm-none-eabi/9.3.1/../../../../arm-none-eabi/lib/thumb/v6-m/nofp/crt0.o
LOAD ./src/tinycrypt/sha256.o
LOAD ./src/tinycrypt/utils.o
LOAD ./src/src/base64_decode.o
LOAD ./src/boot_loader.o
LOAD ./src/usart.o
LOAD ./Device/Driver/Src/r_system/r_system_api.o
LOAD ./Device/Driver/Src/r_lpm/r_lpm_api.o
LOAD ./Device/Driver/Src/r_fwup/src/target/re01_256kb/r_agt.o
LOAD ./Device/Driver/Src/r_fwup/src/r_fwup.o
LOAD ./Device/Driver/Src/r_fwup/src/r_fwup_boot_loader.o
LOAD ./Device/Driver/Src/r_flash/r_flash_api.o
LOAD ./Device/Driver/Src/r_flash/r_flash_lowlevel.o
LOAD ./Device/Driver/Src/r_dtc/r_dtc_api.o
LOAD ./Device/Driver/Src/r_dmac/r_dmac_api.o
LOAD ./Device/CMSIS_Driver/Src/r_i2c_cmsis_api.o
LOAD ./Device/CMSIS_Driver/Src/r_spi_cmsis_api.o
LOAD ./Device/CMSIS_Driver/Src/r_usart_cmsis_api.o
LOAD ./Device/pin.o
LOAD ./Device/startup_RE01_256KB.o
LOAD ./Device/system_RE01_256KB.o
LOAD e:/firmware/tool_chain/9-2020-q2-update/bin/../lib/gcc/arm-none-eabi/9.3.1/../../../../arm-none-eabi/lib/thumb/v6-m/nofp\libstdc++.a
LOAD e:/firmware/tool_chain/9-2020-q2-update/bin/../lib/gcc/arm-none-eabi/9.3.1/../../../../arm-none-eabi/lib/thumb/v6-m/nofp\libm.a
START GROUP
LOAD e:/firmware/tool_chain/9-2020-q2-update/bin/../lib/gcc/arm-none-eabi/9.3.1/thumb/v6-m/nofp\libgcc.a
LOAD e:/firmware/tool_chain/9-2020-q2-update/bin/../lib/gcc/arm-none-eabi/9.3.1/../../../../arm-none-eabi/lib/thumb/v6-m/nofp\libg.a
LOAD e:/firmware/tool_chain/9-2020-q2-update/bin/../lib/gcc/arm-none-eabi/9.3.1/../../../../arm-none-eabi/lib/thumb/v6-m/nofp\libc.a
END GROUP
START GROUP
LOAD e:/firmware/tool_chain/9-2020-q2-update/bin/../lib/gcc/arm-none-eabi/9.3.1/thumb/v6-m/nofp\libgcc.a
LOAD e:/firmware/tool_chain/9-2020-q2-update/bin/../lib/gcc/arm-none-eabi/9.3.1/../../../../arm-none-eabi/lib/thumb/v6-m/nofp\libc.a
LOAD e:/firmware/tool_chain/9-2020-q2-update/bin/../lib/gcc/arm-none-eabi/9.3.1/../../../../arm-none-eabi/lib/thumb/v6-m/nofp\libnosys.a
END GROUP
LOAD e:/firmware/tool_chain/9-2020-q2-update/bin/../lib/gcc/arm-none-eabi/9.3.1/thumb/v6-m/nofp/crtend.o
LOAD e:/firmware/tool_chain/9-2020-q2-update/bin/../lib/gcc/arm-none-eabi/9.3.1/thumb/v6-m/nofp/crtn.o
START GROUP
LOAD e:/firmware/tool_chain/9-2020-q2-update/bin/../lib/gcc/arm-none-eabi/9.3.1/thumb/v6-m/nofp\libgcc.a
LOAD e:/firmware/tool_chain/9-2020-q2-update/bin/../lib/gcc/arm-none-eabi/9.3.1/../../../../arm-none-eabi/lib/thumb/v6-m/nofp\libc.a
LOAD e:/firmware/tool_chain/9-2020-q2-update/bin/../lib/gcc/arm-none-eabi/9.3.1/../../../../arm-none-eabi/lib/thumb/v6-m/nofp\libm.a
LOAD e:/firmware/tool_chain/9-2020-q2-update/bin/../lib/gcc/arm-none-eabi/9.3.1/../../../../arm-none-eabi/lib/thumb/v6-m/nofp\libnosys.a
END GROUP

.text           0x00000000     0x5368
                0x00000000                __Vectors_Start = .
 *(.intvec)
 .intvec        0x00000000       0xc0 ./Device/startup_RE01_256KB.o
                0x00000000                __vector_table
 *(SORT_BY_NAME(.intvec.*))
                0x000000c0                __Vectors_End = .
                0x20016e78                __end__ = .
                0x00000400                . = 0x400
 *fill*         0x000000c0      0x340 ff
                0x00000400                __OptionSetting_start = .
 *(.OptionSetting)
 .OptionSetting
                0x00000400       0x3c ./Device/system_RE01_256KB.o
 *(.OptionSetting.*)
                0x0000043c                __OptionSetting_end = .
                0x0000053c                . = (. + 0x100)
 *fill*         0x0000043c      0x100 ff
 *(EXCLUDE_FILE(*\librdimon_nano.a:* *\libg_nano.a:* *\libc_nano.a:* *\libnosys.a:* *\libm.a:* *\librdimon.a:* *\libg.a:* *\libc.a:* *\libgcc.a:* *pin.o) .text*)
 .text          0x0000053c       0x48 e:/firmware/tool_chain/9-2020-q2-update/bin/../lib/gcc/arm-none-eabi/9.3.1/thumb/v6-m/nofp/crtbegin.o
 .text.tc_sha256_init
                0x00000584       0x78 ./src/tinycrypt/sha256.o
                0x00000584                tc_sha256_init
 .text.tc_sha256_update
                0x000005fc       0x8a ./src/tinycrypt/sha256.o
                0x000005fc                tc_sha256_update
 .text.tc_sha256_final
                0x00000686      0x1e6 ./src/tinycrypt/sha256.o
                0x00000686                tc_sha256_final
 .text.ROTR     0x0000086c       0x1a ./src/tinycrypt/sha256.o
 .text.BigEndian
                0x00000886       0x62 ./src/tinycrypt/sha256.o
 .text.compress
                0x000008e8      0x318 ./src/tinycrypt/sha256.o
 .text._set     0x00000c00       0x28 ./src/tinycrypt/utils.o
                0x00000c00                _set
 .text.main     0x00000c28       0x80 ./src/boot_loader.o
                0x00000c28                main
 .text.usart_bussy
                0x00000ca8       0x28 ./src/usart.o
                0x00000ca8                usart_bussy
 .text.fputc    0x00000cd0       0x34 ./src/usart.o
                0x00000cd0                fputc
 .text._write   0x00000d04       0x42 ./src/usart.o
                0x00000d04                _write
 *fill*         0x00000d46        0x2 ff
 .text.R_SYS_Initialize
                0x00000d48       0x34 ./Device/Driver/Src/r_system/r_system_api.o
                0x00000d48                R_SYS_Initialize
 .text.system_interrupt_open
                0x00000d7c       0x30 ./Device/Driver/Src/r_system/r_system_api.o
 .text.system_resource_lock_open
                0x00000dac       0x30 ./Device/Driver/Src/r_system/r_system_api.o
 .text.system_register_protect_open
                0x00000ddc       0x30 ./Device/Driver/Src/r_system/r_system_api.o
 .text.system_memcpy
                0x00000e0c       0x3a ./Device/Driver/Src/r_system/r_system_api.o
 *fill*         0x00000e46        0x2 ff
 .text.R_SYS_CodeCopy
                0x00000e48       0xb4 ./Device/Driver/Src/r_system/r_system_api.o
                0x00000e48                R_SYS_CodeCopy
 .text.R_LPM_Initialize
                0x00000efc       0x40 ./Device/Driver/Src/r_lpm/r_lpm_api.o
                0x00000efc                R_LPM_Initialize
 .text.agt1_open
                0x00000f3c       0x28 ./Device/Driver/Src/r_fwup/src/target/re01_256kb/r_agt.o
                0x00000f3c                agt1_open
 .text.agt1_start
                0x00000f64      0x244 ./Device/Driver/Src/r_fwup/src/target/re01_256kb/r_agt.o
                0x00000f64                agt1_start
 .text.agt1_stop
                0x000011a8       0x94 ./Device/Driver/Src/r_fwup/src/target/re01_256kb/r_agt.o
                0x000011a8                agt1_stop
 .text.agt1_close
                0x0000123c       0x20 ./Device/Driver/Src/r_fwup/src/target/re01_256kb/r_agt.o
                0x0000123c                agt1_close
 .text.fwup_firmware_verification
                0x0000125c       0x70 ./Device/Driver/Src/r_fwup/src/r_fwup.o
                0x0000125c                fwup_firmware_verification
 .text.fwup_flash_err_print
                0x000012cc       0x9c ./Device/Driver/Src/r_fwup/src/r_fwup_boot_loader.o
 .text.USART0_Initialize
                0x00001368       0x24 ./Device/CMSIS_Driver/Src/r_usart_cmsis_api.o
 .text.USART0_Uninitialize
                0x0000138c       0x18 ./Device/CMSIS_Driver/Src/r_usart_cmsis_api.o
 .text.USART0_PowerControl
                0x000013a4       0x28 ./Device/CMSIS_Driver/Src/r_usart_cmsis_api.o
 .text.USART0_Send
                0x000013cc       0x24 ./Device/CMSIS_Driver/Src/r_usart_cmsis_api.o
 .text.USART0_Receive
                0x000013f0       0x24 ./Device/CMSIS_Driver/Src/r_usart_cmsis_api.o
 .text.USART0_Transfer
                0x00001414       0x28 ./Device/CMSIS_Driver/Src/r_usart_cmsis_api.o
 .text.USART0_GetTxCount
                0x0000143c       0x18 ./Device/CMSIS_Driver/Src/r_usart_cmsis_api.o
 .text.USART0_GetRxCount
                0x00001454       0x18 ./Device/CMSIS_Driver/Src/r_usart_cmsis_api.o
 .text.USART0_Control
                0x0000146c       0x24 ./Device/CMSIS_Driver/Src/r_usart_cmsis_api.o
 .text.USART0_GetStatus
                0x00001490       0x18 ./Device/CMSIS_Driver/Src/r_usart_cmsis_api.o
 .text.USART0_GetModemStatus
                0x000014a8       0x18 ./Device/CMSIS_Driver/Src/r_usart_cmsis_api.o
 .text.USART0_SetModemControl
                0x000014c0       0x28 ./Device/CMSIS_Driver/Src/r_usart_cmsis_api.o
 .text.ARM_USART_GetVersion
                0x000014e8       0x34 ./Device/CMSIS_Driver/Src/r_usart_cmsis_api.o
                0x000014e8                ARM_USART_GetVersion
 .text.ARM_USART_GetCapabilities
                0x0000151c       0x36 ./Device/CMSIS_Driver/Src/r_usart_cmsis_api.o
                0x0000151c                ARM_USART_GetCapabilities
 *fill*         0x00001552        0x2 ff
 .text.ARM_USART_Initialize
                0x00001554      0x1e0 ./Device/CMSIS_Driver/Src/r_usart_cmsis_api.o
                0x00001554                ARM_USART_Initialize
 .text.ARM_USART_Uninitialize
                0x00001734      0x2d8 ./Device/CMSIS_Driver/Src/r_usart_cmsis_api.o
                0x00001734                ARM_USART_Uninitialize
 .text.ARM_USART_PowerControl
                0x00001a0c       0xc2 ./Device/CMSIS_Driver/Src/r_usart_cmsis_api.o
                0x00001a0c                ARM_USART_PowerControl
 *fill*         0x00001ace        0x2 ff
 .text.ARM_USART_Send
                0x00001ad0       0xd0 ./Device/CMSIS_Driver/Src/r_usart_cmsis_api.o
                0x00001ad0                ARM_USART_Send
 .text.ARM_USART_Receive
                0x00001ba0      0x118 ./Device/CMSIS_Driver/Src/r_usart_cmsis_api.o
                0x00001ba0                ARM_USART_Receive
 .text.ARM_USART_Transfer
                0x00001cb8      0x11c ./Device/CMSIS_Driver/Src/r_usart_cmsis_api.o
                0x00001cb8                ARM_USART_Transfer
 .text.ARM_USART_GetTxCount
                0x00001dd4       0x30 ./Device/CMSIS_Driver/Src/r_usart_cmsis_api.o
                0x00001dd4                ARM_USART_GetTxCount
 .text.ARM_USART_GetRxCount
                0x00001e04       0x26 ./Device/CMSIS_Driver/Src/r_usart_cmsis_api.o
                0x00001e04                ARM_USART_GetRxCount
 *fill*         0x00001e2a        0x2 ff
 .text.ARM_USART_Control
                0x00001e2c      0x8d8 ./Device/CMSIS_Driver/Src/r_usart_cmsis_api.o
                0x00001e2c                ARM_USART_Control
 .text.ARM_USART_GetStatus
                0x00002704       0xde ./Device/CMSIS_Driver/Src/r_usart_cmsis_api.o
                0x00002704                ARM_USART_GetStatus
 .text.ARM_USART_SetModemControl
                0x000027e2       0xdc ./Device/CMSIS_Driver/Src/r_usart_cmsis_api.o
                0x000027e2                ARM_USART_SetModemControl
 .text.ARM_USART_GetModemStatus
                0x000028be       0x70 ./Device/CMSIS_Driver/Src/r_usart_cmsis_api.o
                0x000028be                ARM_USART_GetModemStatus
 *fill*         0x0000292e        0x2 ff
 .text.mode_set_asynchronous
                0x00002930      0x4e8 ./Device/CMSIS_Driver/Src/r_usart_cmsis_api.o
 .text.mode_set_synchronous
                0x00002e18      0x2cc ./Device/CMSIS_Driver/Src/r_usart_cmsis_api.o
 .text.mode_set_smartcard
                0x000030e4      0x1e4 ./Device/CMSIS_Driver/Src/r_usart_cmsis_api.o
 .text.sci_bitrate
                0x000032c8      0x27e ./Device/CMSIS_Driver/Src/r_usart_cmsis_api.o
 .text.sci_set_regs_clear
                0x00003546       0x40 ./Device/CMSIS_Driver/Src/r_usart_cmsis_api.o
 .text.sci_tx_enable
                0x00003586       0x60 ./Device/CMSIS_Driver/Src/r_usart_cmsis_api.o
 .text.sci_tx_disable
                0x000035e6       0x7c ./Device/CMSIS_Driver/Src/r_usart_cmsis_api.o
 *fill*         0x00003662        0x2 ff
 .text.sci_rx_enable
                0x00003664       0x9c ./Device/CMSIS_Driver/Src/r_usart_cmsis_api.o
 .text.sci_rx_disable
                0x00003700      0x1bc ./Device/CMSIS_Driver/Src/r_usart_cmsis_api.o
 .text.sci_tx_rx_enable
                0x000038bc       0x9c ./Device/CMSIS_Driver/Src/r_usart_cmsis_api.o
 .text.sci_tx_rx_disable
                0x00003958      0x260 ./Device/CMSIS_Driver/Src/r_usart_cmsis_api.o
 .text.check_tx_available
                0x00003bb8      0x1b8 ./Device/CMSIS_Driver/Src/r_usart_cmsis_api.o
 .text.check_rx_available
                0x00003d70      0x334 ./Device/CMSIS_Driver/Src/r_usart_cmsis_api.o
 .text.Default_Handler
                0x000040a4        0x6 ./Device/startup_RE01_256KB.o
                0x000040a4                DebugMon_Handler
                0x000040a4                HardFault_Handler
                0x000040a4                SysTick_Handler
                0x000040a4                PendSV_Handler
                0x000040a4                NMI_Handler
                0x000040a4                UsageFault_Handler
                0x000040a4                Default_Handler
                0x000040a4                MemManage_Handler
                0x000040a4                SVC_Handler
                0x000040a4                BusFault_Handler
 *fill*         0x000040aa        0x2 ff
 .text.Reset_Handler
                0x000040ac       0x88 ./Device/startup_RE01_256KB.o
                0x000040ac                Reset_Handler
 .text.SystemInit
                0x00004134       0x10 ./Device/system_RE01_256KB.o
                0x00004134                SystemInit
 .text.system_clock_init
                0x00004144       0x60 ./Device/system_RE01_256KB.o
 .text.system_mosc_start
                0x000041a4       0x4c ./Device/system_RE01_256KB.o
 .text.system_hoco_stop
                0x000041f0       0x5c ./Device/system_RE01_256KB.o
 .text.system_loco_start
                0x0000424c       0x58 ./Device/system_RE01_256KB.o
 .text.system_sosc_stop
                0x000042a4       0x54 ./Device/system_RE01_256KB.o
 .text.system_normal_to_boost
                0x000042f8       0x6c ./Device/system_RE01_256KB.o
 .text.core_software_delay_loop
                0x00004364        0xc ./Device/system_RE01_256KB.o
 *(.version)
 *(.init)
 .init          0x00004370        0x4 e:/firmware/tool_chain/9-2020-q2-update/bin/../lib/gcc/arm-none-eabi/9.3.1/thumb/v6-m/nofp/crti.o
                0x00004370                _init
 .init          0x00004374        0x8 e:/firmware/tool_chain/9-2020-q2-update/bin/../lib/gcc/arm-none-eabi/9.3.1/thumb/v6-m/nofp/crtn.o
 *(.fini)
 .fini          0x0000437c        0x4 e:/firmware/tool_chain/9-2020-q2-update/bin/../lib/gcc/arm-none-eabi/9.3.1/thumb/v6-m/nofp/crti.o
                0x0000437c                _fini
 .fini          0x00004380        0x8 e:/firmware/tool_chain/9-2020-q2-update/bin/../lib/gcc/arm-none-eabi/9.3.1/thumb/v6-m/nofp/crtn.o
 .fini.__stub   0x00004388       0x98 linker stubs
 *crtbegin.o(.ctors)
 *crtbegin?.o(.ctors)
 *(EXCLUDE_FILE(*crtend.o *crtend?.o) .ctors)
 *(SORT_BY_NAME(.ctors.*))
 *(.ctors)
 *crtbegin.o(.dtors)
 *crtbegin?.o(.dtors)
 *(EXCLUDE_FILE(*crtend.o *crtend?.o) .dtors)
 *(SORT_BY_NAME(.dtors.*))
 *(.dtors)
 *(EXCLUDE_FILE(*\librdimon_nano.a:* *\libg_nano.a:* *\libc_nano.a:* *\libnosys.a:* *\libm.a:* *\librdimon.a:* *\libg.a:* *\libc.a:* *\libgcc.a:* *pin.o) .rodata*)
 .rodata.k256   0x00004420      0x100 ./src/tinycrypt/sha256.o
 .rodata        0x00004520       0x28 ./Device/Driver/Src/r_system/r_system_api.o
 .rodata        0x00004548        0xc ./Device/Driver/Src/r_fwup/src/r_fwup.o
 .rodata        0x00004554      0x91a ./Device/Driver/Src/r_fwup/src/r_fwup_boot_loader.o
 *fill*         0x00004e6e        0x2 ff
 .rodata.status_string.16615
                0x00004e70      0x1c0 ./Device/Driver/Src/r_fwup/src/r_fwup_boot_loader.o
 .rodata        0x00005030       0x28 ./Device/Driver/Src/r_flash/r_flash_lowlevel.o
 .rodata        0x00005058       0x14 ./Device/CMSIS_Driver/Src/r_i2c_cmsis_api.o
 .rodata.gs_driver_version
                0x0000506c        0x4 ./Device/CMSIS_Driver/Src/r_usart_cmsis_api.o
 .rodata.gs_async_baud
                0x00005070       0xd0 ./Device/CMSIS_Driver/Src/r_usart_cmsis_api.o
 .rodata.gs_sync_baud
                0x00005140       0x40 ./Device/CMSIS_Driver/Src/r_usart_cmsis_api.o
 .rodata.gs_smc_baud
                0x00005180      0x140 ./Device/CMSIS_Driver/Src/r_usart_cmsis_api.o
 .rodata.ARM_USART_Control
                0x000052c0       0x70 ./Device/CMSIS_Driver/Src/r_usart_cmsis_api.o
 .rodata.Driver_USART0
                0x00005330       0x38 ./Device/CMSIS_Driver/Src/r_usart_cmsis_api.o
                0x00005330                Driver_USART0
                0x00005368                __ROM_End = .
                0x000000c0                __Vectors_Size = (__Vectors_End - __Vectors_Start)

.glue_7         0x00005368        0x0
 .glue_7        0x00005368        0x0 linker stubs

.glue_7t        0x00005368        0x0
 .glue_7t       0x00005368        0x0 linker stubs

.vfp11_veneer   0x00005368        0x0
 .vfp11_veneer  0x00005368        0x0 linker stubs

.v4_bx          0x00005368        0x0
 .v4_bx         0x00005368        0x0 linker stubs

.iplt           0x00005368        0x0
 .iplt          0x00005368        0x0 e:/firmware/tool_chain/9-2020-q2-update/bin/../lib/gcc/arm-none-eabi/9.3.1/thumb/v6-m/nofp/crtbegin.o

.ARM.extab
 *(.ARM.extab* .gnu.linkonce.armextab.*)
                0x00005368                __exidx_start = .

.ARM.exidx      0x00005368        0x8
 *(.ARM.exidx* .gnu.linkonce.armexidx.*)
 .ARM.exidx     0x00005368        0x8 e:/firmware/tool_chain/9-2020-q2-update/bin/../lib/gcc/arm-none-eabi/9.3.1/thumb/v6-m/nofp\libgcc.a(_udivmoddi4.o)
                0x00005370                __exidx_end = .
                0x00005370                __etext = .

.OptionSettingID
                0x0100a150       0x10
                0x0100a150                __OptionSettingID_start = .
 *(.OptionSettingID)
 .OptionSettingID
                0x0100a150       0x10 ./Device/system_RE01_256KB.o
 *(.OptionSettingID.*)
                0x0100a160                __OptionSettingID_end = .

.OptionSettingAWS
                0x0100a164        0x4
                0x0100a164                __OptionSettingAWS_start = .
 *(.OptionSettingAWS)
 .OptionSettingAWS
                0x0100a164        0x4 ./Device/system_RE01_256KB.o
 *(.OptionSettingAWS.*)
                0x0100a168                __OptionSettingAWS_end = .

.ramvect        0x20000400      0x400
                0x20000400                . = ALIGN (0x100)
                0x20000400                __ramvect_start = .
                0x20000800                . = (. + 0x400)
 *fill*         0x20000400      0x400 
                0x20000800                . = ALIGN (0x4)

.data           0x20000800      0x9d4 load address 0x00005370
                0x20000800                __data_start__ = .
 *(.data.*)
 .data.fwup_state
                0x20000800        0x1 ./Device/Driver/Src/r_fwup/src/r_fwup.o
 *fill*         0x20000801        0x3 
 .data.firmware_update_control_block_bank0
                0x20000804        0x4 ./Device/Driver/Src/r_fwup/src/r_fwup_boot_loader.o
 .data.firmware_update_control_block_bank1
                0x20000808        0x4 ./Device/Driver/Src/r_fwup/src/r_fwup_boot_loader.o
 .data.bank0_state_flag
                0x2000080c        0x1 ./Device/Driver/Src/r_fwup/src/r_fwup_boot_loader.o
                0x2000080c                bank0_state_flag
 .data.bank1_state_flag
                0x2000080d        0x1 ./Device/Driver/Src/r_fwup/src/r_fwup_boot_loader.o
                0x2000080d                bank1_state_flag
 *fill*         0x2000080e        0x2 
 .data.flash_ready_isr_handler
                0x20000810        0x4 ./Device/Driver/Src/r_flash/r_flash_lowlevel.o
                0x20000810                flash_ready_isr_handler
 .data.flash_error_isr_handler
                0x20000814        0x4 ./Device/Driver/Src/r_flash/r_flash_lowlevel.o
                0x20000814                flash_error_isr_handler
 .data._impure_ptr
                0x20000818        0x4 e:/firmware/tool_chain/9-2020-q2-update/bin/../lib/gcc/arm-none-eabi/9.3.1/../../../../arm-none-eabi/lib/thumb/v6-m/nofp\libg.a(lib_a-impure.o)
                0x20000818                _impure_ptr
 *fill*         0x2000081c        0x4 
 .data.impure_data
                0x20000820      0x428 e:/firmware/tool_chain/9-2020-q2-update/bin/../lib/gcc/arm-none-eabi/9.3.1/../../../../arm-none-eabi/lib/thumb/v6-m/nofp\libg.a(lib_a-impure.o)
 .data.__atexit_recursive_mutex
                0x20000c48        0x4 e:/firmware/tool_chain/9-2020-q2-update/bin/../lib/gcc/arm-none-eabi/9.3.1/../../../../arm-none-eabi/lib/thumb/v6-m/nofp\libg.a(lib_a-__call_atexit.o)
                0x20000c48                __atexit_recursive_mutex
 .data.__malloc_av_
                0x20000c4c      0x408 e:/firmware/tool_chain/9-2020-q2-update/bin/../lib/gcc/arm-none-eabi/9.3.1/../../../../arm-none-eabi/lib/thumb/v6-m/nofp\libg.a(lib_a-mallocr.o)
                0x20000c4c                __malloc_av_
 .data.__malloc_sbrk_base
                0x20001054        0x4 e:/firmware/tool_chain/9-2020-q2-update/bin/../lib/gcc/arm-none-eabi/9.3.1/../../../../arm-none-eabi/lib/thumb/v6-m/nofp\libg.a(lib_a-mallocr.o)
                0x20001054                __malloc_sbrk_base
 .data.__malloc_trim_threshold
                0x20001058        0x4 e:/firmware/tool_chain/9-2020-q2-update/bin/../lib/gcc/arm-none-eabi/9.3.1/../../../../arm-none-eabi/lib/thumb/v6-m/nofp\libg.a(lib_a-mallocr.o)
                0x20001058                __malloc_trim_threshold
 .data.__global_locale
                0x2000105c      0x16c e:/firmware/tool_chain/9-2020-q2-update/bin/../lib/gcc/arm-none-eabi/9.3.1/../../../../arm-none-eabi/lib/thumb/v6-m/nofp\libg.a(lib_a-locale.o)
                0x2000105c                __global_locale
                0x200011c8                . = ALIGN (0x4)
                0x200011c8                PROVIDE (__preinit_array_start = .)
 *(.preinit_array)
                0x200011c8                PROVIDE (__preinit_array_end = .)
                0x200011c8                . = ALIGN (0x4)
                0x200011c8                PROVIDE (__init_array_start = .)
 *(SORT_BY_NAME(.init_array.*))
 .init_array.00000
                0x200011c8        0x4 e:/firmware/tool_chain/9-2020-q2-update/bin/../lib/gcc/arm-none-eabi/9.3.1/../../../../arm-none-eabi/lib/thumb/v6-m/nofp\libg.a(lib_a-__call_atexit.o)
 *(.init_array)
 .init_array    0x200011cc        0x4 e:/firmware/tool_chain/9-2020-q2-update/bin/../lib/gcc/arm-none-eabi/9.3.1/thumb/v6-m/nofp/crtbegin.o
                0x200011d0                PROVIDE (__init_array_end = .)
                0x200011d0                . = ALIGN (0x4)
                0x200011d0                PROVIDE (__fini_array_start = .)
 *(SORT_BY_NAME(.fini_array.*))
 *(.fini_array)
 .fini_array    0x200011d0        0x4 e:/firmware/tool_chain/9-2020-q2-update/bin/../lib/gcc/arm-none-eabi/9.3.1/thumb/v6-m/nofp/crtbegin.o
                0x200011d4                PROVIDE (__fini_array_end = .)
 *(.jcr*)
                0x200011d4                . = ALIGN (0x4)
                0x200011d4                __data_end__ = .

.igot.plt       0x200011d4        0x0 load address 0x00005d44
 .igot.plt      0x200011d4        0x0 e:/firmware/tool_chain/9-2020-q2-update/bin/../lib/gcc/arm-none-eabi/9.3.1/thumb/v6-m/nofp/crtbegin.o

.ramfunc        0x200011d8     0x7298 load address 0x00005d44
                0x200011d8                __ramfunc_start = .
 *(.ramfunc*)
 .ramfunc       0x200011d8       0x34 ./src/boot_loader.o
                0x200011d8                main_secure_boot_loop
 .ramfunc       0x2000120c     0x15d8 ./Device/Driver/Src/r_system/r_system_api.o
                0x2000120c                R_SYS_HighSpeedModeSet
                0x200013d0                R_SYS_LowSpeedModeSet
                0x20001510                R_SYS_SpeedModeGet
                0x20001580                R_SYS_SystemClockHOCOSet
                0x200016b4                R_SYS_SystemClockMOCOSet
                0x20001718                R_SYS_SystemClockLOCOSet
                0x20001764                R_SYS_SystemClockMOSCSet
                0x200017bc                R_SYS_SystemClockSOSCSet
                0x20001808                R_SYS_SystemClockFreqGet
                0x200018d4                R_SYS_PeripheralClockFreqGet
                0x200019a0                R_SYS_SystemClockDividerSet
                0x20001b18                R_SYS_MainOscSpeedClockStart
                0x20001b84                R_SYS_MainOscSpeedClockStop
                0x20001c0c                R_SYS_HighSpeedClockStart
                0x20001c9c                R_SYS_HighSpeedClockStop
                0x20001d20                R_SYS_MediumSpeedClockStart
                0x20001d84                R_SYS_MediumSpeedClockStop
                0x20001dfc                R_SYS_LowSpeedClockStart
                0x20001e4c                R_SYS_LowSpeedClockStop
                0x20001edc                R_SYS_SubOscSpeedClockStart
                0x20001f38                R_SYS_SubOscSpeedClockStop
                0x20001ff0                R_SYS_OscStabilizationFlagGet
                0x20002008                R_SYS_IrqEventLinkSet
                0x20002088                R_SYS_IrqStatusGet
                0x200020e0                R_SYS_IrqStatusClear
                0x20002134                R_SYS_EnterCriticalSection
                0x20002142                R_SYS_ExitCriticalSection
                0x20002150                R_SYS_ResourceLock
                0x20002178                R_SYS_ResourceUnlock
                0x2000219c                R_SYS_RegisterProtectEnable
                0x200021ba                R_SYS_RegisterProtectDisable
                0x200021d8                R_SYS_SoftwareDelay
                0x200022a8                r_sys_BoostFlagGet
                0x200022c8                r_sys_BoostFlagClr
                0x200022e0                IEL0_IRQHandler
                0x200022f6                IEL1_IRQHandler
                0x2000230c                IEL2_IRQHandler
                0x20002322                IEL3_IRQHandler
                0x20002338                IEL4_IRQHandler
                0x2000234e                IEL5_IRQHandler
                0x20002364                IEL6_IRQHandler
                0x2000237a                IEL7_IRQHandler
                0x20002390                IEL8_IRQHandler
                0x200023a6                IEL9_IRQHandler
                0x200023bc                IEL10_IRQHandler
                0x200023d2                IEL11_IRQHandler
                0x200023e8                IEL12_IRQHandler
                0x200023fe                IEL13_IRQHandler
                0x20002414                IEL14_IRQHandler
                0x2000242a                IEL15_IRQHandler
                0x20002440                IEL16_IRQHandler
                0x20002456                IEL17_IRQHandler
                0x2000246c                IEL18_IRQHandler
                0x20002482                IEL19_IRQHandler
                0x20002498                IEL20_IRQHandler
                0x200024ae                IEL21_IRQHandler
                0x200024c4                IEL22_IRQHandler
                0x200024da                IEL23_IRQHandler
                0x200024f0                IEL24_IRQHandler
                0x20002506                IEL25_IRQHandler
                0x2000251c                IEL26_IRQHandler
                0x20002532                IEL27_IRQHandler
                0x20002548                IEL28_IRQHandler
                0x2000255e                IEL29_IRQHandler
                0x20002574                IEL30_IRQHandler
                0x2000258a                IEL31_IRQHandler
                0x200025a0                r_system_wdt_refresh
 .ramfunc       0x200027e4      0xd10 ./Device/Driver/Src/r_lpm/r_lpm_api.o
                0x200027e4                R_LPM_ModuleStart
                0x20002870                R_LPM_ModuleStop
                0x20002920                R_LPM_FastModuleStart
                0x200029a0                R_LPM_FastModuleStop
                0x20002a80                R_LPM_PowerSupplyModeAllpwonSet
                0x20002b34                R_LPM_PowerSupplyModeExfpwonSet
                0x20002c34                R_LPM_PowerSupplyModeMinpwonSet
                0x20002cd4                R_LPM_PowerSupplyModeGet
                0x20002cf4                R_LPM_BackBiasModeEntry
                0x20002e48                R_LPM_BackBiasModeExit
                0x20002ec8                R_LPM_BackBiasModeGet
                0x20002ee8                R_LPM_SleepModeEntry
                0x20002f0c                R_LPM_SSTBYModeEntry
                0x200030cc                R_LPM_SSTBYModeSetup
                0x2000313c                R_LPM_DSTBYModeEntry
                0x200031b8                R_LPM_DSTBYModeSetup
                0x20003244                R_LPM_SnoozeSet
                0x20003368                R_LPM_IOPowerSupplyModeSet
                0x200033a8                R_LPM_IOPowerSupplyModeGet
                0x200033d0                r_lpm_wait_release_reset_iso2
 .ramfunc       0x200034f4      0x360 ./Device/Driver/Src/r_fwup/src/r_fwup.o
                0x200034f4                fwup_flash_open
                0x20003516                fwup_flash_close
                0x20003538                fwup_flash_set_callback
                0x2000355e                fwup_flash_set_bank_toggle
                0x20003568                fwup_flash_erase
                0x20003592                fwup_flash_write
                0x200035be                fwup_communication_open
                0x20003630                fwup_communication_close
                0x20003658                fwup_update_status
                0x20003684                fwup_get_status
                0x20003698                fwup_state_monitoring_open
                0x200036d0                fwup_state_monitoring_start
                0x2000372c                fwup_state_monitoring_close
                0x20003788                fwup_state_monitoring_is_error
                0x200037b0                fwup_state_monitoring_callback
                0x20003820                fwup_interrupts_disable
                0x2000382a                fwup_register_protect_disable
                0x20003834                fwup_software_delay_ms
 .ramfunc       0x20003854     0x136c ./Device/Driver/Src/r_fwup/src/r_fwup_boot_loader.o
                0x20003854                R_FWUP_SecureBoot
                0x20004860                R_FWUP_ExecuteFirmware
                0x20004b24                my_sci_callback
 .ramfunc       0x20004bc0      0x13e ./Device/Driver/Src/r_flash/r_flash_api.o
                0x20004bc0                R_FLASH_Open
                0x20004be2                R_FLASH_Close
                0x20004c04                R_FLASH_Write_8Bytes
                0x20004c36                R_FLASH_Write_256Bytes
                0x20004c68                R_FLASH_Erase
                0x20004c98                R_FLASH_BlankCheck
                0x20004cae                R_FLASH_Control
                0x20004ce4                R_FLASH_GetVersion
 *fill*         0x20004cfe        0x2 
 .ramfunc       0x20004d00     0x1650 ./Device/Driver/Src/r_flash/r_flash_lowlevel.o
                0x20004d00                flash_api_open
                0x20004d90                flash_api_close
                0x20004dc8                flash_api_write
                0x20004f20                flash_api_erase
                0x20005048                flash_api_control
 .ramfunc       0x20006350       0x1c ./Device/Driver/Src/r_dtc/r_dtc_api.o
 .ramfunc       0x2000636c       0x84 ./Device/Driver/Src/r_dmac/r_dmac_api.o
 .ramfunc       0x200063f0     0x109c ./Device/CMSIS_Driver/Src/r_i2c_cmsis_api.o
 .ramfunc       0x2000748c      0x8c8 ./Device/CMSIS_Driver/Src/r_spi_cmsis_api.o
 .ramfunc       0x20007d54      0x6e8 ./Device/CMSIS_Driver/Src/r_usart_cmsis_api.o
 *fill*         0x2000843c        0x4 
 .ramfunc.__stub
                0x20008440       0x30 linker stubs
                0x20008470                . = ALIGN (0x4)
                0x20008470                __ramfunc_end = .
                0x00005d44                __ramfunc_init_start = LOADADDR (.ramfunc)

.ehc_ramfunc    0x20008470        0x0 load address 0x0000cfdc
                0x20008470                __ehc_ramfunc_start = .
 *(.ehc_ramfunc*)
                0x20008470                . = ALIGN (0x4)
                0x20008470                __ehc_ramfunc_end = .
                0x0000cfdc                __ehc_ramfunc_init_start = LOADADDR (.ehc_ramfunc)

.ramdata        0x20008470      0x4a4 load address 0x0000cfdc
                0x20008470                __ramdata_start = .
 *(.ramdata*)
 .ramdata       0x20008470       0x38 ./Device/Driver/Src/r_lpm/r_lpm_api.o
 .ramdata       0x200084a8        0xc ./Device/Driver/Src/r_dtc/r_dtc_api.o
 .ramdata       0x200084b4       0x80 ./Device/Driver/Src/r_dmac/r_dmac_api.o
 .ramdata       0x20008534       0x98 ./Device/CMSIS_Driver/Src/r_i2c_cmsis_api.o
 .ramdata       0x200085cc       0xe0 ./Device/CMSIS_Driver/Src/r_spi_cmsis_api.o
 .ramdata       0x200086ac      0x268 ./Device/CMSIS_Driver/Src/r_usart_cmsis_api.o
                0x20008914                . = ALIGN (0x4)
                0x20008914                __ramdata_end = .
                0x0000cfdc                __ramdata_init_start = LOADADDR (.ramdata)

.eh_frame       0x20008914        0x0 load address 0x0000d480
 .eh_frame      0x20008914        0x0 e:/firmware/tool_chain/9-2020-q2-update/bin/../lib/gcc/arm-none-eabi/9.3.1/thumb/v6-m/nofp/crtbegin.o

.ramobj         0x20008918     0xb148 load address 0x0000d480
                0x20008918                __ramobj_start = .
 *(.ramobj*)
 .ramobj        0x20008918        0xa ./Device/Driver/Src/r_system/r_system_api.o
 *pin.o(.text* .rodata*)
 .text          0x20008922        0x0 ./Device/pin.o
 .text.R_ICU_Pinset_NMI
                0x20008922       0x14 ./Device/pin.o
                0x20008922                R_ICU_Pinset_NMI
 .text.R_ICU_Pinclr_NMI
                0x20008936       0x14 ./Device/pin.o
                0x20008936                R_ICU_Pinclr_NMI
 .text.R_ICU_Pinset_CH0
                0x2000894a       0x14 ./Device/pin.o
                0x2000894a                R_ICU_Pinset_CH0
 .text.R_ICU_Pinclr_CH0
                0x2000895e       0x14 ./Device/pin.o
                0x2000895e                R_ICU_Pinclr_CH0
 .text.R_ICU_Pinset_CH1
                0x20008972       0x14 ./Device/pin.o
                0x20008972                R_ICU_Pinset_CH1
 .text.R_ICU_Pinclr_CH1
                0x20008986       0x14 ./Device/pin.o
                0x20008986                R_ICU_Pinclr_CH1
 .text.R_ICU_Pinset_CH2
                0x2000899a       0x14 ./Device/pin.o
                0x2000899a                R_ICU_Pinset_CH2
 .text.R_ICU_Pinclr_CH2
                0x200089ae       0x14 ./Device/pin.o
                0x200089ae                R_ICU_Pinclr_CH2
 .text.R_ICU_Pinset_CH3
                0x200089c2       0x14 ./Device/pin.o
                0x200089c2                R_ICU_Pinset_CH3
 .text.R_ICU_Pinclr_CH3
                0x200089d6       0x14 ./Device/pin.o
                0x200089d6                R_ICU_Pinclr_CH3
 .text.R_ICU_Pinset_CH4
                0x200089ea       0x14 ./Device/pin.o
                0x200089ea                R_ICU_Pinset_CH4
 .text.R_ICU_Pinclr_CH4
                0x200089fe       0x14 ./Device/pin.o
                0x200089fe                R_ICU_Pinclr_CH4
 .text.R_ICU_Pinset_CH5
                0x20008a12       0x14 ./Device/pin.o
                0x20008a12                R_ICU_Pinset_CH5
 .text.R_ICU_Pinclr_CH5
                0x20008a26       0x14 ./Device/pin.o
                0x20008a26                R_ICU_Pinclr_CH5
 .text.R_ICU_Pinset_CH6
                0x20008a3a       0x14 ./Device/pin.o
                0x20008a3a                R_ICU_Pinset_CH6
 .text.R_ICU_Pinclr_CH6
                0x20008a4e       0x14 ./Device/pin.o
                0x20008a4e                R_ICU_Pinclr_CH6
 .text.R_ICU_Pinset_CH7
                0x20008a62       0x14 ./Device/pin.o
                0x20008a62                R_ICU_Pinset_CH7
 .text.R_ICU_Pinclr_CH7
                0x20008a76       0x14 ./Device/pin.o
                0x20008a76                R_ICU_Pinclr_CH7
 .text.R_ICU_Pinset_CH8
                0x20008a8a       0x14 ./Device/pin.o
                0x20008a8a                R_ICU_Pinset_CH8
 .text.R_ICU_Pinclr_CH8
                0x20008a9e       0x14 ./Device/pin.o
                0x20008a9e                R_ICU_Pinclr_CH8
 .text.R_ICU_Pinset_CH9
                0x20008ab2       0x14 ./Device/pin.o
                0x20008ab2                R_ICU_Pinset_CH9
 .text.R_ICU_Pinclr_CH9
                0x20008ac6       0x14 ./Device/pin.o
                0x20008ac6                R_ICU_Pinclr_CH9
 .text.R_GPT_COM_Pinset
                0x20008ada       0x14 ./Device/pin.o
                0x20008ada                R_GPT_COM_Pinset
 .text.R_GPT_COM_Pinclr
                0x20008aee       0x14 ./Device/pin.o
                0x20008aee                R_GPT_COM_Pinclr
 .text.R_GPT_Pinset_CH0
                0x20008b02       0x14 ./Device/pin.o
                0x20008b02                R_GPT_Pinset_CH0
 .text.R_GPT_Pinclr_CH0
                0x20008b16       0x14 ./Device/pin.o
                0x20008b16                R_GPT_Pinclr_CH0
 .text.R_GPT_Pinset_CH1
                0x20008b2a       0x14 ./Device/pin.o
                0x20008b2a                R_GPT_Pinset_CH1
 .text.R_GPT_Pinclr_CH1
                0x20008b3e       0x14 ./Device/pin.o
                0x20008b3e                R_GPT_Pinclr_CH1
 .text.R_GPT_Pinset_CH2
                0x20008b52       0x14 ./Device/pin.o
                0x20008b52                R_GPT_Pinset_CH2
 .text.R_GPT_Pinclr_CH2
                0x20008b66       0x14 ./Device/pin.o
                0x20008b66                R_GPT_Pinclr_CH2
 .text.R_GPT_Pinset_CH3
                0x20008b7a       0x14 ./Device/pin.o
                0x20008b7a                R_GPT_Pinset_CH3
 .text.R_GPT_Pinclr_CH3
                0x20008b8e       0x14 ./Device/pin.o
                0x20008b8e                R_GPT_Pinclr_CH3
 .text.R_GPT_Pinset_CH4
                0x20008ba2       0x14 ./Device/pin.o
                0x20008ba2                R_GPT_Pinset_CH4
 .text.R_GPT_Pinclr_CH4
                0x20008bb6       0x14 ./Device/pin.o
                0x20008bb6                R_GPT_Pinclr_CH4
 .text.R_GPT_Pinset_CH5
                0x20008bca       0x14 ./Device/pin.o
                0x20008bca                R_GPT_Pinset_CH5
 .text.R_GPT_Pinclr_CH5
                0x20008bde       0x14 ./Device/pin.o
                0x20008bde                R_GPT_Pinclr_CH5
 .text.R_GPT_OPS_Pinset
                0x20008bf2       0x14 ./Device/pin.o
                0x20008bf2                R_GPT_OPS_Pinset
 .text.R_GPT_OPS_Pinclr
                0x20008c06       0x14 ./Device/pin.o
                0x20008c06                R_GPT_OPS_Pinclr
 .text.R_AGT_Pinset_CH0
                0x20008c1a       0x14 ./Device/pin.o
                0x20008c1a                R_AGT_Pinset_CH0
 .text.R_AGT_Pinclr_CH0
                0x20008c2e       0x14 ./Device/pin.o
                0x20008c2e                R_AGT_Pinclr_CH0
 .text.R_AGT_Pinset_CH1
                0x20008c42       0x14 ./Device/pin.o
                0x20008c42                R_AGT_Pinset_CH1
 .text.R_AGT_Pinclr_CH1
                0x20008c56       0x14 ./Device/pin.o
                0x20008c56                R_AGT_Pinclr_CH1
 .text.R_AGTW_Pinset_CH0
                0x20008c6a       0x14 ./Device/pin.o
                0x20008c6a                R_AGTW_Pinset_CH0
 .text.R_AGTW_Pinclr_CH0
                0x20008c7e       0x14 ./Device/pin.o
                0x20008c7e                R_AGTW_Pinclr_CH0
 .text.R_AGTW_Pinset_CH1
                0x20008c92       0x14 ./Device/pin.o
                0x20008c92                R_AGTW_Pinset_CH1
 .text.R_AGTW_Pinclr_CH1
                0x20008ca6       0x14 ./Device/pin.o
                0x20008ca6                R_AGTW_Pinclr_CH1
 *fill*         0x20008cba        0x2 
 .text.R_SCI_Pinset_CH0
                0x20008cbc       0xf0 ./Device/pin.o
                0x20008cbc                R_SCI_Pinset_CH0
 .text.R_SCI_Pinclr_CH0
                0x20008dac       0x14 ./Device/pin.o
                0x20008dac                R_SCI_Pinclr_CH0
 .text.R_SCI_Pinset_CH1
                0x20008dc0       0x14 ./Device/pin.o
                0x20008dc0                R_SCI_Pinset_CH1
 .text.R_SCI_Pinclr_CH1
                0x20008dd4       0x14 ./Device/pin.o
                0x20008dd4                R_SCI_Pinclr_CH1
 .text.R_SCI_Pinset_CH2
                0x20008de8       0x14 ./Device/pin.o
                0x20008de8                R_SCI_Pinset_CH2
 .text.R_SCI_Pinclr_CH2
                0x20008dfc       0x14 ./Device/pin.o
                0x20008dfc                R_SCI_Pinclr_CH2
 .text.R_SCI_Pinset_CH3
                0x20008e10       0x14 ./Device/pin.o
                0x20008e10                R_SCI_Pinset_CH3
 .text.R_SCI_Pinclr_CH3
                0x20008e24       0x14 ./Device/pin.o
                0x20008e24                R_SCI_Pinclr_CH3
 .text.R_SCI_Pinset_CH4
                0x20008e38       0x14 ./Device/pin.o
                0x20008e38                R_SCI_Pinset_CH4
 .text.R_SCI_Pinclr_CH4
                0x20008e4c       0x14 ./Device/pin.o
                0x20008e4c                R_SCI_Pinclr_CH4
 .text.R_SCI_Pinset_CH5
                0x20008e60       0x14 ./Device/pin.o
                0x20008e60                R_SCI_Pinset_CH5
 .text.R_SCI_Pinclr_CH5
                0x20008e74       0x14 ./Device/pin.o
                0x20008e74                R_SCI_Pinclr_CH5
 .text.R_SCI_Pinset_CH9
                0x20008e88       0x14 ./Device/pin.o
                0x20008e88                R_SCI_Pinset_CH9
 .text.R_SCI_Pinclr_CH9
                0x20008e9c       0x14 ./Device/pin.o
                0x20008e9c                R_SCI_Pinclr_CH9
 .text.R_RSPI_Pinset_CH0
                0x20008eb0       0x14 ./Device/pin.o
                0x20008eb0                R_RSPI_Pinset_CH0
 .text.R_RSPI_Pinclr_CH0
                0x20008ec4       0x14 ./Device/pin.o
                0x20008ec4                R_RSPI_Pinclr_CH0
 .text.R_RSPI_Pinset_CH1
                0x20008ed8       0x14 ./Device/pin.o
                0x20008ed8                R_RSPI_Pinset_CH1
 .text.R_RSPI_Pinclr_CH1
                0x20008eec       0x14 ./Device/pin.o
                0x20008eec                R_RSPI_Pinclr_CH1
 .text.R_QSPI_Pinset
                0x20008f00       0x14 ./Device/pin.o
                0x20008f00                R_QSPI_Pinset
 .text.R_QSPI_Pinclr
                0x20008f14       0x14 ./Device/pin.o
                0x20008f14                R_QSPI_Pinclr
 .text.R_RIIC_Pinset_CH0
                0x20008f28       0x14 ./Device/pin.o
                0x20008f28                R_RIIC_Pinset_CH0
 .text.R_RIIC_Pinclr_CH0
                0x20008f3c       0x14 ./Device/pin.o
                0x20008f3c                R_RIIC_Pinclr_CH0
 .text.R_RIIC_Pinset_CH1
                0x20008f50       0x14 ./Device/pin.o
                0x20008f50                R_RIIC_Pinset_CH1
 .text.R_RIIC_Pinclr_CH1
                0x20008f64       0x14 ./Device/pin.o
                0x20008f64                R_RIIC_Pinclr_CH1
 .text.R_CAC_Pinset
                0x20008f78       0x14 ./Device/pin.o
                0x20008f78                R_CAC_Pinset
 .text.R_CAC_Pinclr
                0x20008f8c       0x14 ./Device/pin.o
                0x20008f8c                R_CAC_Pinclr
 .text.R_S14AD_Pinset
                0x20008fa0       0x14 ./Device/pin.o
                0x20008fa0                R_S14AD_Pinset
 .text.R_S14AD_Pinclr
                0x20008fb4       0x14 ./Device/pin.o
                0x20008fb4                R_S14AD_Pinclr
 .text.R_MLCD_Pinset
                0x20008fc8       0x14 ./Device/pin.o
                0x20008fc8                R_MLCD_Pinset
 .text.R_MLCD_Pinclr
                0x20008fdc       0x14 ./Device/pin.o
                0x20008fdc                R_MLCD_Pinclr
 .text.R_KINT_Pinset
                0x20008ff0       0x14 ./Device/pin.o
                0x20008ff0                R_KINT_Pinset
 .text.R_KINT_Pinclr
                0x20009004       0x14 ./Device/pin.o
                0x20009004                R_KINT_Pinclr
 .text.R_TMR_Pinset
                0x20009018       0x14 ./Device/pin.o
                0x20009018                R_TMR_Pinset
 .text.R_TMR_Pinclr
                0x2000902c       0x14 ./Device/pin.o
                0x2000902c                R_TMR_Pinclr
 .text.R_CLKOUT_Pinset
                0x20009040       0x14 ./Device/pin.o
                0x20009040                R_CLKOUT_Pinset
 .text.R_CLKOUT_Pinclr
                0x20009054       0x14 ./Device/pin.o
                0x20009054                R_CLKOUT_Pinclr
 *\libgcc.a:*(.text* .rodata*)
 .text          0x20009068      0x114 e:/firmware/tool_chain/9-2020-q2-update/bin/../lib/gcc/arm-none-eabi/9.3.1/thumb/v6-m/nofp\libgcc.a(_udivsi3.o)
                0x20009068                __aeabi_uidiv
                0x20009068                __udivsi3
                0x20009174                __aeabi_uidivmod
 .text          0x2000917c      0x1d4 e:/firmware/tool_chain/9-2020-q2-update/bin/../lib/gcc/arm-none-eabi/9.3.1/thumb/v6-m/nofp\libgcc.a(_divsi3.o)
                0x2000917c                __divsi3
                0x2000917c                __aeabi_idiv
                0x20009348                __aeabi_idivmod
 .text          0x20009350        0x4 e:/firmware/tool_chain/9-2020-q2-update/bin/../lib/gcc/arm-none-eabi/9.3.1/thumb/v6-m/nofp\libgcc.a(_dvmd_tls.o)
                0x20009350                __aeabi_idiv0
                0x20009350                __aeabi_ldiv0
 .text          0x20009354       0x7c e:/firmware/tool_chain/9-2020-q2-update/bin/../lib/gcc/arm-none-eabi/9.3.1/thumb/v6-m/nofp\libgcc.a(_arm_cmpdf2.o)
                0x20009354                __aeabi_cdrcmple
                0x20009364                __aeabi_cdcmple
                0x20009364                __aeabi_cdcmpeq
                0x20009374                __aeabi_dcmpeq
                0x20009380                __aeabi_dcmplt
                0x20009394                __aeabi_dcmple
                0x200093a8                __aeabi_dcmpgt
                0x200093bc                __aeabi_dcmpge
 .text          0x200093d0       0x50 e:/firmware/tool_chain/9-2020-q2-update/bin/../lib/gcc/arm-none-eabi/9.3.1/thumb/v6-m/nofp\libgcc.a(_muldi3.o)
                0x200093d0                __muldi3
                0x200093d0                __aeabi_lmul
 .text          0x20009420       0x30 e:/firmware/tool_chain/9-2020-q2-update/bin/../lib/gcc/arm-none-eabi/9.3.1/thumb/v6-m/nofp\libgcc.a(_fixunssfsi.o)
                0x20009420                __fixunssfsi
                0x20009420                __aeabi_f2uiz
 .text          0x20009450       0x3c e:/firmware/tool_chain/9-2020-q2-update/bin/../lib/gcc/arm-none-eabi/9.3.1/thumb/v6-m/nofp\libgcc.a(_fixunsdfsi.o)
                0x20009450                __aeabi_d2uiz
                0x20009450                __fixunsdfsi
 .text          0x2000948c      0x218 e:/firmware/tool_chain/9-2020-q2-update/bin/../lib/gcc/arm-none-eabi/9.3.1/thumb/v6-m/nofp\libgcc.a(divsf3.o)
                0x2000948c                __aeabi_fdiv
 .rodata        0x200096a4       0x80 e:/firmware/tool_chain/9-2020-q2-update/bin/../lib/gcc/arm-none-eabi/9.3.1/thumb/v6-m/nofp\libgcc.a(divsf3.o)
 .text          0x20009724      0x234 e:/firmware/tool_chain/9-2020-q2-update/bin/../lib/gcc/arm-none-eabi/9.3.1/thumb/v6-m/nofp\libgcc.a(mulsf3.o)
                0x20009724                __aeabi_fmul
 .rodata        0x20009958       0x40 e:/firmware/tool_chain/9-2020-q2-update/bin/../lib/gcc/arm-none-eabi/9.3.1/thumb/v6-m/nofp\libgcc.a(mulsf3.o)
 .text          0x20009998      0x390 e:/firmware/tool_chain/9-2020-q2-update/bin/../lib/gcc/arm-none-eabi/9.3.1/thumb/v6-m/nofp\libgcc.a(subsf3.o)
                0x20009998                __aeabi_fsub
 .text          0x20009d28       0x40 e:/firmware/tool_chain/9-2020-q2-update/bin/../lib/gcc/arm-none-eabi/9.3.1/thumb/v6-m/nofp\libgcc.a(fixsfsi.o)
                0x20009d28                __aeabi_f2iz
 .text          0x20009d68       0x78 e:/firmware/tool_chain/9-2020-q2-update/bin/../lib/gcc/arm-none-eabi/9.3.1/thumb/v6-m/nofp\libgcc.a(floatunsisf.o)
                0x20009d68                __aeabi_ui2f
 .text          0x20009de0      0x6d4 e:/firmware/tool_chain/9-2020-q2-update/bin/../lib/gcc/arm-none-eabi/9.3.1/thumb/v6-m/nofp\libgcc.a(adddf3.o)
                0x20009de0                __aeabi_dadd
 .text          0x2000a4b4      0x5d0 e:/firmware/tool_chain/9-2020-q2-update/bin/../lib/gcc/arm-none-eabi/9.3.1/thumb/v6-m/nofp\libgcc.a(divdf3.o)
                0x2000a4b4                __aeabi_ddiv
 .rodata        0x2000aa84       0x40 e:/firmware/tool_chain/9-2020-q2-update/bin/../lib/gcc/arm-none-eabi/9.3.1/thumb/v6-m/nofp\libgcc.a(divdf3.o)
 .text          0x2000aac4       0x78 e:/firmware/tool_chain/9-2020-q2-update/bin/../lib/gcc/arm-none-eabi/9.3.1/thumb/v6-m/nofp\libgcc.a(eqdf2.o)
                0x2000aac4                __nedf2
                0x2000aac4                __eqdf2
 .text          0x2000ab3c       0xe4 e:/firmware/tool_chain/9-2020-q2-update/bin/../lib/gcc/arm-none-eabi/9.3.1/thumb/v6-m/nofp\libgcc.a(gedf2.o)
                0x2000ab3c                __gedf2
                0x2000ab3c                __gtdf2
 .text          0x2000ac20       0xe0 e:/firmware/tool_chain/9-2020-q2-update/bin/../lib/gcc/arm-none-eabi/9.3.1/thumb/v6-m/nofp\libgcc.a(ledf2.o)
                0x2000ac20                __ledf2
                0x2000ac20                __ltdf2
 .text          0x2000ad00      0x724 e:/firmware/tool_chain/9-2020-q2-update/bin/../lib/gcc/arm-none-eabi/9.3.1/thumb/v6-m/nofp\libgcc.a(subdf3.o)
                0x2000ad00                __aeabi_dsub
 .text          0x2000b424       0x6c e:/firmware/tool_chain/9-2020-q2-update/bin/../lib/gcc/arm-none-eabi/9.3.1/thumb/v6-m/nofp\libgcc.a(fixdfsi.o)
                0x2000b424                __aeabi_d2iz
 .text          0x2000b490       0x60 e:/firmware/tool_chain/9-2020-q2-update/bin/../lib/gcc/arm-none-eabi/9.3.1/thumb/v6-m/nofp\libgcc.a(floatsidf.o)
                0x2000b490                __aeabi_i2d
 .text          0x2000b4f0       0x4c e:/firmware/tool_chain/9-2020-q2-update/bin/../lib/gcc/arm-none-eabi/9.3.1/thumb/v6-m/nofp\libgcc.a(floatunsidf.o)
                0x2000b4f0                __aeabi_ui2d
 .text          0x2000b53c       0x74 e:/firmware/tool_chain/9-2020-q2-update/bin/../lib/gcc/arm-none-eabi/9.3.1/thumb/v6-m/nofp\libgcc.a(_arm_cmpsf2.o)
                0x2000b53c                __aeabi_cfrcmple
                0x2000b544                __aeabi_cfcmpeq
                0x2000b544                __aeabi_cfcmple
                0x2000b554                __aeabi_fcmpeq
                0x2000b560                __aeabi_fcmplt
                0x2000b574                __aeabi_fcmple
                0x2000b588                __aeabi_fcmpgt
                0x2000b59c                __aeabi_fcmpge
 .text          0x2000b5b0       0x3c e:/firmware/tool_chain/9-2020-q2-update/bin/../lib/gcc/arm-none-eabi/9.3.1/thumb/v6-m/nofp\libgcc.a(_clzsi2.o)
                0x2000b5b0                __clzsi2
 .text          0x2000b5ec       0x50 e:/firmware/tool_chain/9-2020-q2-update/bin/../lib/gcc/arm-none-eabi/9.3.1/thumb/v6-m/nofp\libgcc.a(eqsf2.o)
                0x2000b5ec                __eqsf2
                0x2000b5ec                __nesf2
 .text          0x2000b63c       0x98 e:/firmware/tool_chain/9-2020-q2-update/bin/../lib/gcc/arm-none-eabi/9.3.1/thumb/v6-m/nofp\libgcc.a(gesf2.o)
                0x2000b63c                __gesf2
                0x2000b63c                __gtsf2
 .text          0x2000b6d4       0x94 e:/firmware/tool_chain/9-2020-q2-update/bin/../lib/gcc/arm-none-eabi/9.3.1/thumb/v6-m/nofp\libgcc.a(lesf2.o)
                0x2000b6d4                __ltsf2
                0x2000b6d4                __lesf2
 .text          0x2000b768       0x40 e:/firmware/tool_chain/9-2020-q2-update/bin/../lib/gcc/arm-none-eabi/9.3.1/thumb/v6-m/nofp\libgcc.a(_aeabi_uldivmod.o)
                0x2000b768                __aeabi_uldivmod
 .text          0x2000b7a8      0x198 e:/firmware/tool_chain/9-2020-q2-update/bin/../lib/gcc/arm-none-eabi/9.3.1/thumb/v6-m/nofp\libgcc.a(_udivmoddi4.o)
                0x2000b7a8                __udivmoddi4
 .text          0x2000b940      0x4d8 e:/firmware/tool_chain/9-2020-q2-update/bin/../lib/gcc/arm-none-eabi/9.3.1/thumb/v6-m/nofp\libgcc.a(muldf3.o)
                0x2000b940                __aeabi_dmul
 .rodata        0x2000be18       0x40 e:/firmware/tool_chain/9-2020-q2-update/bin/../lib/gcc/arm-none-eabi/9.3.1/thumb/v6-m/nofp\libgcc.a(muldf3.o)
 .text          0x2000be58       0x3c e:/firmware/tool_chain/9-2020-q2-update/bin/../lib/gcc/arm-none-eabi/9.3.1/thumb/v6-m/nofp\libgcc.a(unorddf2.o)
                0x2000be58                __aeabi_dcmpun
 .text          0x2000be94       0x18 e:/firmware/tool_chain/9-2020-q2-update/bin/../lib/gcc/arm-none-eabi/9.3.1/thumb/v6-m/nofp\libgcc.a(_clzdi2.o)
                0x2000be94                __clzdi2
 *\libc.a:*(.text* .rodata*)
 *\libg.a:*(.text* .rodata*)
 .text          0x2000beac        0x0 e:/firmware/tool_chain/9-2020-q2-update/bin/../lib/gcc/arm-none-eabi/9.3.1/../../../../arm-none-eabi/lib/thumb/v6-m/nofp\libg.a(lib_a-exit.o)
 .text.exit     0x2000beac       0x20 e:/firmware/tool_chain/9-2020-q2-update/bin/../lib/gcc/arm-none-eabi/9.3.1/../../../../arm-none-eabi/lib/thumb/v6-m/nofp\libg.a(lib_a-exit.o)
                0x2000beac                exit
 .text          0x2000becc        0x0 e:/firmware/tool_chain/9-2020-q2-update/bin/../lib/gcc/arm-none-eabi/9.3.1/../../../../arm-none-eabi/lib/thumb/v6-m/nofp\libg.a(lib_a-impure.o)
 .rodata._global_impure_ptr
                0x2000becc        0x4 e:/firmware/tool_chain/9-2020-q2-update/bin/../lib/gcc/arm-none-eabi/9.3.1/../../../../arm-none-eabi/lib/thumb/v6-m/nofp\libg.a(lib_a-impure.o)
                0x2000becc                _global_impure_ptr
 .text          0x2000bed0        0x0 e:/firmware/tool_chain/9-2020-q2-update/bin/../lib/gcc/arm-none-eabi/9.3.1/../../../../arm-none-eabi/lib/thumb/v6-m/nofp\libg.a(lib_a-init.o)
 .text.__libc_init_array
                0x2000bed0       0x44 e:/firmware/tool_chain/9-2020-q2-update/bin/../lib/gcc/arm-none-eabi/9.3.1/../../../../arm-none-eabi/lib/thumb/v6-m/nofp\libg.a(lib_a-init.o)
                0x2000bed0                __libc_init_array
 .text          0x2000bf14        0x0 e:/firmware/tool_chain/9-2020-q2-update/bin/../lib/gcc/arm-none-eabi/9.3.1/../../../../arm-none-eabi/lib/thumb/v6-m/nofp\libg.a(lib_a-memcmp.o)
 .text.memcmp   0x2000bf14       0x48 e:/firmware/tool_chain/9-2020-q2-update/bin/../lib/gcc/arm-none-eabi/9.3.1/../../../../arm-none-eabi/lib/thumb/v6-m/nofp\libg.a(lib_a-memcmp.o)
                0x2000bf14                memcmp
 .text          0x2000bf5c        0x0 e:/firmware/tool_chain/9-2020-q2-update/bin/../lib/gcc/arm-none-eabi/9.3.1/../../../../arm-none-eabi/lib/thumb/v6-m/nofp\libg.a(lib_a-memcpy-stub.o)
 .text.memcpy   0x2000bf5c       0xa4 e:/firmware/tool_chain/9-2020-q2-update/bin/../lib/gcc/arm-none-eabi/9.3.1/../../../../arm-none-eabi/lib/thumb/v6-m/nofp\libg.a(lib_a-memcpy-stub.o)
                0x2000bf5c                memcpy
 .text          0x2000c000        0x0 e:/firmware/tool_chain/9-2020-q2-update/bin/../lib/gcc/arm-none-eabi/9.3.1/../../../../arm-none-eabi/lib/thumb/v6-m/nofp\libg.a(lib_a-memset.o)
 .text.memset   0x2000c000       0xa8 e:/firmware/tool_chain/9-2020-q2-update/bin/../lib/gcc/arm-none-eabi/9.3.1/../../../../arm-none-eabi/lib/thumb/v6-m/nofp\libg.a(lib_a-memset.o)
                0x2000c000                memset
 .text          0x2000c0a8        0x0 e:/firmware/tool_chain/9-2020-q2-update/bin/../lib/gcc/arm-none-eabi/9.3.1/../../../../arm-none-eabi/lib/thumb/v6-m/nofp\libg.a(lib_a-printf.o)
 .text._printf_r
                0x2000c0a8       0x1c e:/firmware/tool_chain/9-2020-q2-update/bin/../lib/gcc/arm-none-eabi/9.3.1/../../../../arm-none-eabi/lib/thumb/v6-m/nofp\libg.a(lib_a-printf.o)
                0x2000c0a8                _printf_r
 .text.printf   0x2000c0c4       0x24 e:/firmware/tool_chain/9-2020-q2-update/bin/../lib/gcc/arm-none-eabi/9.3.1/../../../../arm-none-eabi/lib/thumb/v6-m/nofp\libg.a(lib_a-printf.o)
                0x2000c0c4                printf
 .text          0x2000c0e8        0x0 e:/firmware/tool_chain/9-2020-q2-update/bin/../lib/gcc/arm-none-eabi/9.3.1/../../../../arm-none-eabi/lib/thumb/v6-m/nofp\libg.a(lib_a-putchar.o)
 .text._putchar_r
                0x2000c0e8        0xc e:/firmware/tool_chain/9-2020-q2-update/bin/../lib/gcc/arm-none-eabi/9.3.1/../../../../arm-none-eabi/lib/thumb/v6-m/nofp\libg.a(lib_a-putchar.o)
                0x2000c0e8                _putchar_r
 .text.putchar  0x2000c0f4       0x14 e:/firmware/tool_chain/9-2020-q2-update/bin/../lib/gcc/arm-none-eabi/9.3.1/../../../../arm-none-eabi/lib/thumb/v6-m/nofp\libg.a(lib_a-putchar.o)
                0x2000c0f4                putchar
 .text          0x2000c108        0x0 e:/firmware/tool_chain/9-2020-q2-update/bin/../lib/gcc/arm-none-eabi/9.3.1/../../../../arm-none-eabi/lib/thumb/v6-m/nofp\libg.a(lib_a-puts.o)
 .rodata._puts_r.str1.4
                0x2000c108        0x2 e:/firmware/tool_chain/9-2020-q2-update/bin/../lib/gcc/arm-none-eabi/9.3.1/../../../../arm-none-eabi/lib/thumb/v6-m/nofp\libg.a(lib_a-puts.o)
 *fill*         0x2000c10a        0x2 
 .text._puts_r  0x2000c10c       0xa0 e:/firmware/tool_chain/9-2020-q2-update/bin/../lib/gcc/arm-none-eabi/9.3.1/../../../../arm-none-eabi/lib/thumb/v6-m/nofp\libg.a(lib_a-puts.o)
                0x2000c10c                _puts_r
 .text.puts     0x2000c1ac       0x14 e:/firmware/tool_chain/9-2020-q2-update/bin/../lib/gcc/arm-none-eabi/9.3.1/../../../../arm-none-eabi/lib/thumb/v6-m/nofp\libg.a(lib_a-puts.o)
                0x2000c1ac                puts
 .text          0x2000c1c0        0x0 e:/firmware/tool_chain/9-2020-q2-update/bin/../lib/gcc/arm-none-eabi/9.3.1/../../../../arm-none-eabi/lib/thumb/v6-m/nofp\libg.a(lib_a-strchr.o)
 .text.strchr   0x2000c1c0       0xc0 e:/firmware/tool_chain/9-2020-q2-update/bin/../lib/gcc/arm-none-eabi/9.3.1/../../../../arm-none-eabi/lib/thumb/v6-m/nofp\libg.a(lib_a-strchr.o)
                0x2000c1c0                strchr
 .text          0x2000c280       0x88 e:/firmware/tool_chain/9-2020-q2-update/bin/../lib/gcc/arm-none-eabi/9.3.1/../../../../arm-none-eabi/lib/thumb/v6-m/nofp\libg.a(lib_a-strcmp.o)
                0x2000c280                strcmp
 .text          0x2000c308        0x0 e:/firmware/tool_chain/9-2020-q2-update/bin/../lib/gcc/arm-none-eabi/9.3.1/../../../../arm-none-eabi/lib/thumb/v6-m/nofp\libg.a(lib_a-strlen-stub.o)
 .text.strlen   0x2000c308       0x5c e:/firmware/tool_chain/9-2020-q2-update/bin/../lib/gcc/arm-none-eabi/9.3.1/../../../../arm-none-eabi/lib/thumb/v6-m/nofp\libg.a(lib_a-strlen-stub.o)
                0x2000c308                strlen
 .text          0x2000c364        0x0 e:/firmware/tool_chain/9-2020-q2-update/bin/../lib/gcc/arm-none-eabi/9.3.1/../../../../arm-none-eabi/lib/thumb/v6-m/nofp\libg.a(lib_a-strstr.o)
 .text.two_way_long_needle
                0x2000c364      0x288 e:/firmware/tool_chain/9-2020-q2-update/bin/../lib/gcc/arm-none-eabi/9.3.1/../../../../arm-none-eabi/lib/thumb/v6-m/nofp\libg.a(lib_a-strstr.o)
 .text.strstr   0x2000c5ec      0x178 e:/firmware/tool_chain/9-2020-q2-update/bin/../lib/gcc/arm-none-eabi/9.3.1/../../../../arm-none-eabi/lib/thumb/v6-m/nofp\libg.a(lib_a-strstr.o)
                0x2000c5ec                strstr
 .text          0x2000c764        0x0 e:/firmware/tool_chain/9-2020-q2-update/bin/../lib/gcc/arm-none-eabi/9.3.1/../../../../arm-none-eabi/lib/thumb/v6-m/nofp\libg.a(lib_a-vfprintf.o)
 .rodata._vfprintf_r.str1.4
                0x2000c764       0x42 e:/firmware/tool_chain/9-2020-q2-update/bin/../lib/gcc/arm-none-eabi/9.3.1/../../../../arm-none-eabi/lib/thumb/v6-m/nofp\libg.a(lib_a-vfprintf.o)
 *fill*         0x2000c7a6        0x2 
 .text._vfprintf_r
                0x2000c7a8     0x1c6c e:/firmware/tool_chain/9-2020-q2-update/bin/../lib/gcc/arm-none-eabi/9.3.1/../../../../arm-none-eabi/lib/thumb/v6-m/nofp\libg.a(lib_a-vfprintf.o)
                0x2000c7a8                _vfprintf_r
 .rodata._vfprintf_r
                0x2000e414      0x16c e:/firmware/tool_chain/9-2020-q2-update/bin/../lib/gcc/arm-none-eabi/9.3.1/../../../../arm-none-eabi/lib/thumb/v6-m/nofp\libg.a(lib_a-vfprintf.o)
 .text.vfprintf
                0x2000e580       0x18 e:/firmware/tool_chain/9-2020-q2-update/bin/../lib/gcc/arm-none-eabi/9.3.1/../../../../arm-none-eabi/lib/thumb/v6-m/nofp\libg.a(lib_a-vfprintf.o)
                0x2000e580                vfprintf
 .text.__sbprintf
                0x2000e598       0x8c e:/firmware/tool_chain/9-2020-q2-update/bin/../lib/gcc/arm-none-eabi/9.3.1/../../../../arm-none-eabi/lib/thumb/v6-m/nofp\libg.a(lib_a-vfprintf.o)
 .rodata.blanks.7350
                0x2000e624       0x10 e:/firmware/tool_chain/9-2020-q2-update/bin/../lib/gcc/arm-none-eabi/9.3.1/../../../../arm-none-eabi/lib/thumb/v6-m/nofp\libg.a(lib_a-vfprintf.o)
 .rodata.zeroes.7351
                0x2000e634       0x10 e:/firmware/tool_chain/9-2020-q2-update/bin/../lib/gcc/arm-none-eabi/9.3.1/../../../../arm-none-eabi/lib/thumb/v6-m/nofp\libg.a(lib_a-vfprintf.o)
 .text          0x2000e644        0x0 e:/firmware/tool_chain/9-2020-q2-update/bin/../lib/gcc/arm-none-eabi/9.3.1/../../../../arm-none-eabi/lib/thumb/v6-m/nofp\libg.a(lib_a-wsetup.o)
 .text.__swsetup_r
                0x2000e644       0xd4 e:/firmware/tool_chain/9-2020-q2-update/bin/../lib/gcc/arm-none-eabi/9.3.1/../../../../arm-none-eabi/lib/thumb/v6-m/nofp\libg.a(lib_a-wsetup.o)
                0x2000e644                __swsetup_r
 .text          0x2000e718        0x0 e:/firmware/tool_chain/9-2020-q2-update/bin/../lib/gcc/arm-none-eabi/9.3.1/../../../../arm-none-eabi/lib/thumb/v6-m/nofp\libg.a(lib_a-__call_atexit.o)
 .text.startup.register_fini
                0x2000e718       0x18 e:/firmware/tool_chain/9-2020-q2-update/bin/../lib/gcc/arm-none-eabi/9.3.1/../../../../arm-none-eabi/lib/thumb/v6-m/nofp\libg.a(lib_a-__call_atexit.o)
 .text.__call_exitprocs
                0x2000e730       0xe4 e:/firmware/tool_chain/9-2020-q2-update/bin/../lib/gcc/arm-none-eabi/9.3.1/../../../../arm-none-eabi/lib/thumb/v6-m/nofp\libg.a(lib_a-__call_atexit.o)
                0x2000e730                __call_exitprocs
 .text          0x2000e814        0x0 e:/firmware/tool_chain/9-2020-q2-update/bin/../lib/gcc/arm-none-eabi/9.3.1/../../../../arm-none-eabi/lib/thumb/v6-m/nofp\libg.a(lib_a-atexit.o)
 .text.atexit   0x2000e814       0x10 e:/firmware/tool_chain/9-2020-q2-update/bin/../lib/gcc/arm-none-eabi/9.3.1/../../../../arm-none-eabi/lib/thumb/v6-m/nofp\libg.a(lib_a-atexit.o)
                0x2000e814                atexit
 .text          0x2000e824        0x0 e:/firmware/tool_chain/9-2020-q2-update/bin/../lib/gcc/arm-none-eabi/9.3.1/../../../../arm-none-eabi/lib/thumb/v6-m/nofp\libg.a(lib_a-dtoa.o)
 .text.quorem   0x2000e824      0x148 e:/firmware/tool_chain/9-2020-q2-update/bin/../lib/gcc/arm-none-eabi/9.3.1/../../../../arm-none-eabi/lib/thumb/v6-m/nofp\libg.a(lib_a-dtoa.o)
 .rodata._dtoa_r.str1.4
                0x2000e96c       0xa0 e:/firmware/tool_chain/9-2020-q2-update/bin/../lib/gcc/arm-none-eabi/9.3.1/../../../../arm-none-eabi/lib/thumb/v6-m/nofp\libg.a(lib_a-dtoa.o)
                                 0xa4 (size before relaxing)
 .text._dtoa_r  0x2000ea0c      0xfe0 e:/firmware/tool_chain/9-2020-q2-update/bin/../lib/gcc/arm-none-eabi/9.3.1/../../../../arm-none-eabi/lib/thumb/v6-m/nofp\libg.a(lib_a-dtoa.o)
                0x2000ea0c                _dtoa_r
 .text          0x2000f9ec        0x0 e:/firmware/tool_chain/9-2020-q2-update/bin/../lib/gcc/arm-none-eabi/9.3.1/../../../../arm-none-eabi/lib/thumb/v6-m/nofp\libg.a(lib_a-fflush.o)
 .text.__sflush_r
                0x2000f9ec      0x140 e:/firmware/tool_chain/9-2020-q2-update/bin/../lib/gcc/arm-none-eabi/9.3.1/../../../../arm-none-eabi/lib/thumb/v6-m/nofp\libg.a(lib_a-fflush.o)
                0x2000f9ec                __sflush_r
 .text._fflush_r
                0x2000fb2c       0x6c e:/firmware/tool_chain/9-2020-q2-update/bin/../lib/gcc/arm-none-eabi/9.3.1/../../../../arm-none-eabi/lib/thumb/v6-m/nofp\libg.a(lib_a-fflush.o)
                0x2000fb2c                _fflush_r
 .text.fflush   0x2000fb98       0x2c e:/firmware/tool_chain/9-2020-q2-update/bin/../lib/gcc/arm-none-eabi/9.3.1/../../../../arm-none-eabi/lib/thumb/v6-m/nofp\libg.a(lib_a-fflush.o)
                0x2000fb98                fflush
 .text          0x2000fbc4        0x0 e:/firmware/tool_chain/9-2020-q2-update/bin/../lib/gcc/arm-none-eabi/9.3.1/../../../../arm-none-eabi/lib/thumb/v6-m/nofp\libg.a(lib_a-findfp.o)
 .text.std      0x2000fbc4       0x50 e:/firmware/tool_chain/9-2020-q2-update/bin/../lib/gcc/arm-none-eabi/9.3.1/../../../../arm-none-eabi/lib/thumb/v6-m/nofp\libg.a(lib_a-findfp.o)
 .text._cleanup_r
                0x2000fc14       0x10 e:/firmware/tool_chain/9-2020-q2-update/bin/../lib/gcc/arm-none-eabi/9.3.1/../../../../arm-none-eabi/lib/thumb/v6-m/nofp\libg.a(lib_a-findfp.o)
                0x2000fc14                _cleanup_r
 .text.__fp_lock
                0x2000fc24       0x1c e:/firmware/tool_chain/9-2020-q2-update/bin/../lib/gcc/arm-none-eabi/9.3.1/../../../../arm-none-eabi/lib/thumb/v6-m/nofp\libg.a(lib_a-findfp.o)
 .text.__fp_unlock
                0x2000fc40       0x1c e:/firmware/tool_chain/9-2020-q2-update/bin/../lib/gcc/arm-none-eabi/9.3.1/../../../../arm-none-eabi/lib/thumb/v6-m/nofp\libg.a(lib_a-findfp.o)
 .text.__sfmoreglue
                0x2000fc5c       0x30 e:/firmware/tool_chain/9-2020-q2-update/bin/../lib/gcc/arm-none-eabi/9.3.1/../../../../arm-none-eabi/lib/thumb/v6-m/nofp\libg.a(lib_a-findfp.o)
                0x2000fc5c                __sfmoreglue
 .text._cleanup
                0x2000fc8c       0x18 e:/firmware/tool_chain/9-2020-q2-update/bin/../lib/gcc/arm-none-eabi/9.3.1/../../../../arm-none-eabi/lib/thumb/v6-m/nofp\libg.a(lib_a-findfp.o)
                0x2000fc8c                _cleanup
 .text.__sinit  0x2000fca4       0x60 e:/firmware/tool_chain/9-2020-q2-update/bin/../lib/gcc/arm-none-eabi/9.3.1/../../../../arm-none-eabi/lib/thumb/v6-m/nofp\libg.a(lib_a-findfp.o)
                0x2000fca4                __sinit
 .text.__sfp    0x2000fd04       0xb0 e:/firmware/tool_chain/9-2020-q2-update/bin/../lib/gcc/arm-none-eabi/9.3.1/../../../../arm-none-eabi/lib/thumb/v6-m/nofp\libg.a(lib_a-findfp.o)
                0x2000fd04                __sfp
 .text.__sfp_lock_acquire
                0x2000fdb4       0x10 e:/firmware/tool_chain/9-2020-q2-update/bin/../lib/gcc/arm-none-eabi/9.3.1/../../../../arm-none-eabi/lib/thumb/v6-m/nofp\libg.a(lib_a-findfp.o)
                0x2000fdb4                __sfp_lock_acquire
 .text.__sfp_lock_release
                0x2000fdc4       0x10 e:/firmware/tool_chain/9-2020-q2-update/bin/../lib/gcc/arm-none-eabi/9.3.1/../../../../arm-none-eabi/lib/thumb/v6-m/nofp\libg.a(lib_a-findfp.o)
                0x2000fdc4                __sfp_lock_release
 .text.__sinit_lock_acquire
                0x2000fdd4       0x10 e:/firmware/tool_chain/9-2020-q2-update/bin/../lib/gcc/arm-none-eabi/9.3.1/../../../../arm-none-eabi/lib/thumb/v6-m/nofp\libg.a(lib_a-findfp.o)
                0x2000fdd4                __sinit_lock_acquire
 .text.__sinit_lock_release
                0x2000fde4       0x10 e:/firmware/tool_chain/9-2020-q2-update/bin/../lib/gcc/arm-none-eabi/9.3.1/../../../../arm-none-eabi/lib/thumb/v6-m/nofp\libg.a(lib_a-findfp.o)
                0x2000fde4                __sinit_lock_release
 .text.__fp_lock_all
                0x2000fdf4       0x20 e:/firmware/tool_chain/9-2020-q2-update/bin/../lib/gcc/arm-none-eabi/9.3.1/../../../../arm-none-eabi/lib/thumb/v6-m/nofp\libg.a(lib_a-findfp.o)
                0x2000fdf4                __fp_lock_all
 .text.__fp_unlock_all
                0x2000fe14       0x20 e:/firmware/tool_chain/9-2020-q2-update/bin/../lib/gcc/arm-none-eabi/9.3.1/../../../../arm-none-eabi/lib/thumb/v6-m/nofp\libg.a(lib_a-findfp.o)
                0x2000fe14                __fp_unlock_all
 .text          0x2000fe34        0x0 e:/firmware/tool_chain/9-2020-q2-update/bin/../lib/gcc/arm-none-eabi/9.3.1/../../../../arm-none-eabi/lib/thumb/v6-m/nofp\libg.a(lib_a-fini.o)
 .text.__libc_fini_array
                0x2000fe34       0x28 e:/firmware/tool_chain/9-2020-q2-update/bin/../lib/gcc/arm-none-eabi/9.3.1/../../../../arm-none-eabi/lib/thumb/v6-m/nofp\libg.a(lib_a-fini.o)
                0x2000fe34                __libc_fini_array
 .text          0x2000fe5c        0x0 e:/firmware/tool_chain/9-2020-q2-update/bin/../lib/gcc/arm-none-eabi/9.3.1/../../../../arm-none-eabi/lib/thumb/v6-m/nofp\libg.a(lib_a-freer.o)
 .text._malloc_trim_r
                0x2000fe5c       0x9c e:/firmware/tool_chain/9-2020-q2-update/bin/../lib/gcc/arm-none-eabi/9.3.1/../../../../arm-none-eabi/lib/thumb/v6-m/nofp\libg.a(lib_a-freer.o)
                0x2000fe5c                _malloc_trim_r
 .text._free_r  0x2000fef8      0x1c4 e:/firmware/tool_chain/9-2020-q2-update/bin/../lib/gcc/arm-none-eabi/9.3.1/../../../../arm-none-eabi/lib/thumb/v6-m/nofp\libg.a(lib_a-freer.o)
                0x2000fef8                _free_r
 .text          0x200100bc        0x0 e:/firmware/tool_chain/9-2020-q2-update/bin/../lib/gcc/arm-none-eabi/9.3.1/../../../../arm-none-eabi/lib/thumb/v6-m/nofp\libg.a(lib_a-fvwrite.o)
 .text.__sfvwrite_r
                0x200100bc      0x2f0 e:/firmware/tool_chain/9-2020-q2-update/bin/../lib/gcc/arm-none-eabi/9.3.1/../../../../arm-none-eabi/lib/thumb/v6-m/nofp\libg.a(lib_a-fvwrite.o)
                0x200100bc                __sfvwrite_r
 .text          0x200103ac        0x0 e:/firmware/tool_chain/9-2020-q2-update/bin/../lib/gcc/arm-none-eabi/9.3.1/../../../../arm-none-eabi/lib/thumb/v6-m/nofp\libg.a(lib_a-fwalk.o)
 .text._fwalk   0x200103ac       0x40 e:/firmware/tool_chain/9-2020-q2-update/bin/../lib/gcc/arm-none-eabi/9.3.1/../../../../arm-none-eabi/lib/thumb/v6-m/nofp\libg.a(lib_a-fwalk.o)
                0x200103ac                _fwalk
 .text._fwalk_reent
                0x200103ec       0x48 e:/firmware/tool_chain/9-2020-q2-update/bin/../lib/gcc/arm-none-eabi/9.3.1/../../../../arm-none-eabi/lib/thumb/v6-m/nofp\libg.a(lib_a-fwalk.o)
                0x200103ec                _fwalk_reent
 .text          0x20010434        0x0 e:/firmware/tool_chain/9-2020-q2-update/bin/../lib/gcc/arm-none-eabi/9.3.1/../../../../arm-none-eabi/lib/thumb/v6-m/nofp\libg.a(lib_a-localeconv.o)
 .text.__localeconv_l
                0x20010434        0x4 e:/firmware/tool_chain/9-2020-q2-update/bin/../lib/gcc/arm-none-eabi/9.3.1/../../../../arm-none-eabi/lib/thumb/v6-m/nofp\libg.a(lib_a-localeconv.o)
                0x20010434                __localeconv_l
 .text._localeconv_r
                0x20010438        0x8 e:/firmware/tool_chain/9-2020-q2-update/bin/../lib/gcc/arm-none-eabi/9.3.1/../../../../arm-none-eabi/lib/thumb/v6-m/nofp\libg.a(lib_a-localeconv.o)
                0x20010438                _localeconv_r
 .text.localeconv
                0x20010440        0x8 e:/firmware/tool_chain/9-2020-q2-update/bin/../lib/gcc/arm-none-eabi/9.3.1/../../../../arm-none-eabi/lib/thumb/v6-m/nofp\libg.a(lib_a-localeconv.o)
                0x20010440                localeconv
 .text          0x20010448        0x0 e:/firmware/tool_chain/9-2020-q2-update/bin/../lib/gcc/arm-none-eabi/9.3.1/../../../../arm-none-eabi/lib/thumb/v6-m/nofp\libg.a(lib_a-lock.o)
 .text.__retarget_lock_init
                0x20010448        0x4 e:/firmware/tool_chain/9-2020-q2-update/bin/../lib/gcc/arm-none-eabi/9.3.1/../../../../arm-none-eabi/lib/thumb/v6-m/nofp\libg.a(lib_a-lock.o)
                0x20010448                __retarget_lock_init
 .text.__retarget_lock_init_recursive
                0x2001044c        0x4 e:/firmware/tool_chain/9-2020-q2-update/bin/../lib/gcc/arm-none-eabi/9.3.1/../../../../arm-none-eabi/lib/thumb/v6-m/nofp\libg.a(lib_a-lock.o)
                0x2001044c                __retarget_lock_init_recursive
 .text.__retarget_lock_close
                0x20010450        0x4 e:/firmware/tool_chain/9-2020-q2-update/bin/../lib/gcc/arm-none-eabi/9.3.1/../../../../arm-none-eabi/lib/thumb/v6-m/nofp\libg.a(lib_a-lock.o)
                0x20010450                __retarget_lock_close
 .text.__retarget_lock_close_recursive
                0x20010454        0x4 e:/firmware/tool_chain/9-2020-q2-update/bin/../lib/gcc/arm-none-eabi/9.3.1/../../../../arm-none-eabi/lib/thumb/v6-m/nofp\libg.a(lib_a-lock.o)
                0x20010454                __retarget_lock_close_recursive
 .text.__retarget_lock_acquire
                0x20010458        0x4 e:/firmware/tool_chain/9-2020-q2-update/bin/../lib/gcc/arm-none-eabi/9.3.1/../../../../arm-none-eabi/lib/thumb/v6-m/nofp\libg.a(lib_a-lock.o)
                0x20010458                __retarget_lock_acquire
 .text.__retarget_lock_acquire_recursive
                0x2001045c        0x4 e:/firmware/tool_chain/9-2020-q2-update/bin/../lib/gcc/arm-none-eabi/9.3.1/../../../../arm-none-eabi/lib/thumb/v6-m/nofp\libg.a(lib_a-lock.o)
                0x2001045c                __retarget_lock_acquire_recursive
 .text.__retarget_lock_try_acquire
                0x20010460        0x4 e:/firmware/tool_chain/9-2020-q2-update/bin/../lib/gcc/arm-none-eabi/9.3.1/../../../../arm-none-eabi/lib/thumb/v6-m/nofp\libg.a(lib_a-lock.o)
                0x20010460                __retarget_lock_try_acquire
 .text.__retarget_lock_try_acquire_recursive
                0x20010464        0x4 e:/firmware/tool_chain/9-2020-q2-update/bin/../lib/gcc/arm-none-eabi/9.3.1/../../../../arm-none-eabi/lib/thumb/v6-m/nofp\libg.a(lib_a-lock.o)
                0x20010464                __retarget_lock_try_acquire_recursive
 .text.__retarget_lock_release
                0x20010468        0x4 e:/firmware/tool_chain/9-2020-q2-update/bin/../lib/gcc/arm-none-eabi/9.3.1/../../../../arm-none-eabi/lib/thumb/v6-m/nofp\libg.a(lib_a-lock.o)
                0x20010468                __retarget_lock_release
 .text.__retarget_lock_release_recursive
                0x2001046c        0x4 e:/firmware/tool_chain/9-2020-q2-update/bin/../lib/gcc/arm-none-eabi/9.3.1/../../../../arm-none-eabi/lib/thumb/v6-m/nofp\libg.a(lib_a-lock.o)
                0x2001046c                __retarget_lock_release_recursive
 .text          0x20010470        0x0 e:/firmware/tool_chain/9-2020-q2-update/bin/../lib/gcc/arm-none-eabi/9.3.1/../../../../arm-none-eabi/lib/thumb/v6-m/nofp\libg.a(lib_a-makebuf.o)
 .text.__swhatbuf_r
                0x20010470       0x60 e:/firmware/tool_chain/9-2020-q2-update/bin/../lib/gcc/arm-none-eabi/9.3.1/../../../../arm-none-eabi/lib/thumb/v6-m/nofp\libg.a(lib_a-makebuf.o)
                0x20010470                __swhatbuf_r
 .text.__smakebuf_r
                0x200104d0       0x90 e:/firmware/tool_chain/9-2020-q2-update/bin/../lib/gcc/arm-none-eabi/9.3.1/../../../../arm-none-eabi/lib/thumb/v6-m/nofp\libg.a(lib_a-makebuf.o)
                0x200104d0                __smakebuf_r
 .text          0x20010560        0x0 e:/firmware/tool_chain/9-2020-q2-update/bin/../lib/gcc/arm-none-eabi/9.3.1/../../../../arm-none-eabi/lib/thumb/v6-m/nofp\libg.a(lib_a-mallocr.o)
 .text._malloc_r
                0x20010560      0x580 e:/firmware/tool_chain/9-2020-q2-update/bin/../lib/gcc/arm-none-eabi/9.3.1/../../../../arm-none-eabi/lib/thumb/v6-m/nofp\libg.a(lib_a-mallocr.o)
                0x20010560                _malloc_r
 .text          0x20010ae0        0x0 e:/firmware/tool_chain/9-2020-q2-update/bin/../lib/gcc/arm-none-eabi/9.3.1/../../../../arm-none-eabi/lib/thumb/v6-m/nofp\libg.a(lib_a-memchr-stub.o)
 .text.memchr   0x20010ae0       0x74 e:/firmware/tool_chain/9-2020-q2-update/bin/../lib/gcc/arm-none-eabi/9.3.1/../../../../arm-none-eabi/lib/thumb/v6-m/nofp\libg.a(lib_a-memchr-stub.o)
                0x20010ae0                memchr
 .text          0x20010b54        0x0 e:/firmware/tool_chain/9-2020-q2-update/bin/../lib/gcc/arm-none-eabi/9.3.1/../../../../arm-none-eabi/lib/thumb/v6-m/nofp\libg.a(lib_a-memmove.o)
 .text.memmove  0x20010b54       0xb8 e:/firmware/tool_chain/9-2020-q2-update/bin/../lib/gcc/arm-none-eabi/9.3.1/../../../../arm-none-eabi/lib/thumb/v6-m/nofp\libg.a(lib_a-memmove.o)
                0x20010b54                memmove
 .text          0x20010c0c        0x0 e:/firmware/tool_chain/9-2020-q2-update/bin/../lib/gcc/arm-none-eabi/9.3.1/../../../../arm-none-eabi/lib/thumb/v6-m/nofp\libg.a(lib_a-mlock.o)
 .text.__malloc_lock
                0x20010c0c       0x10 e:/firmware/tool_chain/9-2020-q2-update/bin/../lib/gcc/arm-none-eabi/9.3.1/../../../../arm-none-eabi/lib/thumb/v6-m/nofp\libg.a(lib_a-mlock.o)
                0x20010c0c                __malloc_lock
 .text.__malloc_unlock
                0x20010c1c       0x10 e:/firmware/tool_chain/9-2020-q2-update/bin/../lib/gcc/arm-none-eabi/9.3.1/../../../../arm-none-eabi/lib/thumb/v6-m/nofp\libg.a(lib_a-mlock.o)
                0x20010c1c                __malloc_unlock
 .text          0x20010c2c        0x0 e:/firmware/tool_chain/9-2020-q2-update/bin/../lib/gcc/arm-none-eabi/9.3.1/../../../../arm-none-eabi/lib/thumb/v6-m/nofp\libg.a(lib_a-mprec.o)
 .text._Balloc  0x20010c2c       0x50 e:/firmware/tool_chain/9-2020-q2-update/bin/../lib/gcc/arm-none-eabi/9.3.1/../../../../arm-none-eabi/lib/thumb/v6-m/nofp\libg.a(lib_a-mprec.o)
                0x20010c2c                _Balloc
 .text._Bfree   0x20010c7c       0x14 e:/firmware/tool_chain/9-2020-q2-update/bin/../lib/gcc/arm-none-eabi/9.3.1/../../../../arm-none-eabi/lib/thumb/v6-m/nofp\libg.a(lib_a-mprec.o)
                0x20010c7c                _Bfree
 .rodata.__multadd.str1.4
                0x20010c90       0x7d e:/firmware/tool_chain/9-2020-q2-update/bin/../lib/gcc/arm-none-eabi/9.3.1/../../../../arm-none-eabi/lib/thumb/v6-m/nofp\libg.a(lib_a-mprec.o)
                                 0x91 (size before relaxing)
 *fill*         0x20010d0d        0x3 
 .text.__multadd
                0x20010d10       0xa8 e:/firmware/tool_chain/9-2020-q2-update/bin/../lib/gcc/arm-none-eabi/9.3.1/../../../../arm-none-eabi/lib/thumb/v6-m/nofp\libg.a(lib_a-mprec.o)
                0x20010d10                __multadd
 .text.__s2b    0x20010db8       0xb0 e:/firmware/tool_chain/9-2020-q2-update/bin/../lib/gcc/arm-none-eabi/9.3.1/../../../../arm-none-eabi/lib/thumb/v6-m/nofp\libg.a(lib_a-mprec.o)
                0x20010db8                __s2b
 .text.__hi0bits
                0x20010e68       0x38 e:/firmware/tool_chain/9-2020-q2-update/bin/../lib/gcc/arm-none-eabi/9.3.1/../../../../arm-none-eabi/lib/thumb/v6-m/nofp\libg.a(lib_a-mprec.o)
                0x20010e68                __hi0bits
 .text.__lo0bits
                0x20010ea0       0x5c e:/firmware/tool_chain/9-2020-q2-update/bin/../lib/gcc/arm-none-eabi/9.3.1/../../../../arm-none-eabi/lib/thumb/v6-m/nofp\libg.a(lib_a-mprec.o)
                0x20010ea0                __lo0bits
 .text.__i2b    0x20010efc       0x2c e:/firmware/tool_chain/9-2020-q2-update/bin/../lib/gcc/arm-none-eabi/9.3.1/../../../../arm-none-eabi/lib/thumb/v6-m/nofp\libg.a(lib_a-mprec.o)
                0x20010efc                __i2b
 .text.__multiply
                0x20010f28      0x1b0 e:/firmware/tool_chain/9-2020-q2-update/bin/../lib/gcc/arm-none-eabi/9.3.1/../../../../arm-none-eabi/lib/thumb/v6-m/nofp\libg.a(lib_a-mprec.o)
                0x20010f28                __multiply
 .text.__pow5mult
                0x200110d8       0xb8 e:/firmware/tool_chain/9-2020-q2-update/bin/../lib/gcc/arm-none-eabi/9.3.1/../../../../arm-none-eabi/lib/thumb/v6-m/nofp\libg.a(lib_a-mprec.o)
                0x200110d8                __pow5mult
 .text.__lshift
                0x20011190       0xfc e:/firmware/tool_chain/9-2020-q2-update/bin/../lib/gcc/arm-none-eabi/9.3.1/../../../../arm-none-eabi/lib/thumb/v6-m/nofp\libg.a(lib_a-mprec.o)
                0x20011190                __lshift
 .text.__mcmp   0x2001128c       0x38 e:/firmware/tool_chain/9-2020-q2-update/bin/../lib/gcc/arm-none-eabi/9.3.1/../../../../arm-none-eabi/lib/thumb/v6-m/nofp\libg.a(lib_a-mprec.o)
                0x2001128c                __mcmp
 .text.__mdiff  0x200112c4      0x194 e:/firmware/tool_chain/9-2020-q2-update/bin/../lib/gcc/arm-none-eabi/9.3.1/../../../../arm-none-eabi/lib/thumb/v6-m/nofp\libg.a(lib_a-mprec.o)
                0x200112c4                __mdiff
 .text.__ulp    0x20011458       0x48 e:/firmware/tool_chain/9-2020-q2-update/bin/../lib/gcc/arm-none-eabi/9.3.1/../../../../arm-none-eabi/lib/thumb/v6-m/nofp\libg.a(lib_a-mprec.o)
                0x20011458                __ulp
 .text.__b2d    0x200114a0       0xc8 e:/firmware/tool_chain/9-2020-q2-update/bin/../lib/gcc/arm-none-eabi/9.3.1/../../../../arm-none-eabi/lib/thumb/v6-m/nofp\libg.a(lib_a-mprec.o)
                0x200114a0                __b2d
 .text.__d2b    0x20011568       0xd8 e:/firmware/tool_chain/9-2020-q2-update/bin/../lib/gcc/arm-none-eabi/9.3.1/../../../../arm-none-eabi/lib/thumb/v6-m/nofp\libg.a(lib_a-mprec.o)
                0x20011568                __d2b
 .text.__ratio  0x20011640       0x68 e:/firmware/tool_chain/9-2020-q2-update/bin/../lib/gcc/arm-none-eabi/9.3.1/../../../../arm-none-eabi/lib/thumb/v6-m/nofp\libg.a(lib_a-mprec.o)
                0x20011640                __ratio
 .text._mprec_log10
                0x200116a8       0x34 e:/firmware/tool_chain/9-2020-q2-update/bin/../lib/gcc/arm-none-eabi/9.3.1/../../../../arm-none-eabi/lib/thumb/v6-m/nofp\libg.a(lib_a-mprec.o)
                0x200116a8                _mprec_log10
 .text.__copybits
                0x200116dc       0x40 e:/firmware/tool_chain/9-2020-q2-update/bin/../lib/gcc/arm-none-eabi/9.3.1/../../../../arm-none-eabi/lib/thumb/v6-m/nofp\libg.a(lib_a-mprec.o)
                0x200116dc                __copybits
 .text.__any_on
                0x2001171c       0x50 e:/firmware/tool_chain/9-2020-q2-update/bin/../lib/gcc/arm-none-eabi/9.3.1/../../../../arm-none-eabi/lib/thumb/v6-m/nofp\libg.a(lib_a-mprec.o)
                0x2001171c                __any_on
 *fill*         0x2001176c        0x4 
 .rodata.__mprec_bigtens
                0x20011770       0x28 e:/firmware/tool_chain/9-2020-q2-update/bin/../lib/gcc/arm-none-eabi/9.3.1/../../../../arm-none-eabi/lib/thumb/v6-m/nofp\libg.a(lib_a-mprec.o)
                0x20011770                __mprec_bigtens
 .rodata.__mprec_tens
                0x20011798       0xc8 e:/firmware/tool_chain/9-2020-q2-update/bin/../lib/gcc/arm-none-eabi/9.3.1/../../../../arm-none-eabi/lib/thumb/v6-m/nofp\libg.a(lib_a-mprec.o)
                0x20011798                __mprec_tens
 .rodata.__mprec_tinytens
                0x20011860       0x28 e:/firmware/tool_chain/9-2020-q2-update/bin/../lib/gcc/arm-none-eabi/9.3.1/../../../../arm-none-eabi/lib/thumb/v6-m/nofp\libg.a(lib_a-mprec.o)
                0x20011860                __mprec_tinytens
 .rodata.p05.6122
                0x20011888        0xc e:/firmware/tool_chain/9-2020-q2-update/bin/../lib/gcc/arm-none-eabi/9.3.1/../../../../arm-none-eabi/lib/thumb/v6-m/nofp\libg.a(lib_a-mprec.o)
 .text          0x20011894        0x0 e:/firmware/tool_chain/9-2020-q2-update/bin/../lib/gcc/arm-none-eabi/9.3.1/../../../../arm-none-eabi/lib/thumb/v6-m/nofp\libg.a(lib_a-putc.o)
 .text._putc_r  0x20011894       0x74 e:/firmware/tool_chain/9-2020-q2-update/bin/../lib/gcc/arm-none-eabi/9.3.1/../../../../arm-none-eabi/lib/thumb/v6-m/nofp\libg.a(lib_a-putc.o)
                0x20011894                _putc_r
 .text.putc     0x20011908       0x7c e:/firmware/tool_chain/9-2020-q2-update/bin/../lib/gcc/arm-none-eabi/9.3.1/../../../../arm-none-eabi/lib/thumb/v6-m/nofp\libg.a(lib_a-putc.o)
                0x20011908                putc
 .text          0x20011984        0x0 e:/firmware/tool_chain/9-2020-q2-update/bin/../lib/gcc/arm-none-eabi/9.3.1/../../../../arm-none-eabi/lib/thumb/v6-m/nofp\libg.a(lib_a-reallocr.o)
 .text._realloc_r
                0x20011984      0x358 e:/firmware/tool_chain/9-2020-q2-update/bin/../lib/gcc/arm-none-eabi/9.3.1/../../../../arm-none-eabi/lib/thumb/v6-m/nofp\libg.a(lib_a-reallocr.o)
                0x20011984                _realloc_r
 .text          0x20011cdc        0x0 e:/firmware/tool_chain/9-2020-q2-update/bin/../lib/gcc/arm-none-eabi/9.3.1/../../../../arm-none-eabi/lib/thumb/v6-m/nofp\libg.a(lib_a-s_frexp.o)
 .text.frexp    0x20011cdc       0x64 e:/firmware/tool_chain/9-2020-q2-update/bin/../lib/gcc/arm-none-eabi/9.3.1/../../../../arm-none-eabi/lib/thumb/v6-m/nofp\libg.a(lib_a-s_frexp.o)
                0x20011cdc                frexp
 .text          0x20011d40        0x0 e:/firmware/tool_chain/9-2020-q2-update/bin/../lib/gcc/arm-none-eabi/9.3.1/../../../../arm-none-eabi/lib/thumb/v6-m/nofp\libg.a(lib_a-sbrkr.o)
 .text._sbrk_r  0x20011d40       0x24 e:/firmware/tool_chain/9-2020-q2-update/bin/../lib/gcc/arm-none-eabi/9.3.1/../../../../arm-none-eabi/lib/thumb/v6-m/nofp\libg.a(lib_a-sbrkr.o)
                0x20011d40                _sbrk_r
 .text          0x20011d64        0x0 e:/firmware/tool_chain/9-2020-q2-update/bin/../lib/gcc/arm-none-eabi/9.3.1/../../../../arm-none-eabi/lib/thumb/v6-m/nofp\libg.a(lib_a-stdio.o)
 .text.__sread  0x20011d64       0x28 e:/firmware/tool_chain/9-2020-q2-update/bin/../lib/gcc/arm-none-eabi/9.3.1/../../../../arm-none-eabi/lib/thumb/v6-m/nofp\libg.a(lib_a-stdio.o)
                0x20011d64                __sread
 .text.__seofread
                0x20011d8c        0x4 e:/firmware/tool_chain/9-2020-q2-update/bin/../lib/gcc/arm-none-eabi/9.3.1/../../../../arm-none-eabi/lib/thumb/v6-m/nofp\libg.a(lib_a-stdio.o)
                0x20011d8c                __seofread
 .text.__swrite
                0x20011d90       0x40 e:/firmware/tool_chain/9-2020-q2-update/bin/../lib/gcc/arm-none-eabi/9.3.1/../../../../arm-none-eabi/lib/thumb/v6-m/nofp\libg.a(lib_a-stdio.o)
                0x20011d90                __swrite
 .text.__sseek  0x20011dd0       0x2c e:/firmware/tool_chain/9-2020-q2-update/bin/../lib/gcc/arm-none-eabi/9.3.1/../../../../arm-none-eabi/lib/thumb/v6-m/nofp\libg.a(lib_a-stdio.o)
                0x20011dd0                __sseek
 .text.__sclose
                0x20011dfc        0xc e:/firmware/tool_chain/9-2020-q2-update/bin/../lib/gcc/arm-none-eabi/9.3.1/../../../../arm-none-eabi/lib/thumb/v6-m/nofp\libg.a(lib_a-stdio.o)
                0x20011dfc                __sclose
 .text          0x20011e08        0x0 e:/firmware/tool_chain/9-2020-q2-update/bin/../lib/gcc/arm-none-eabi/9.3.1/../../../../arm-none-eabi/lib/thumb/v6-m/nofp\libg.a(lib_a-strncpy.o)
 .text.strncpy  0x20011e08       0x6c e:/firmware/tool_chain/9-2020-q2-update/bin/../lib/gcc/arm-none-eabi/9.3.1/../../../../arm-none-eabi/lib/thumb/v6-m/nofp\libg.a(lib_a-strncpy.o)
                0x20011e08                strncpy
 .text          0x20011e74        0x0 e:/firmware/tool_chain/9-2020-q2-update/bin/../lib/gcc/arm-none-eabi/9.3.1/../../../../arm-none-eabi/lib/thumb/v6-m/nofp\libg.a(lib_a-strnlen.o)
 .text.strnlen  0x20011e74       0x20 e:/firmware/tool_chain/9-2020-q2-update/bin/../lib/gcc/arm-none-eabi/9.3.1/../../../../arm-none-eabi/lib/thumb/v6-m/nofp\libg.a(lib_a-strnlen.o)
                0x20011e74                strnlen
 .text          0x20011e94        0x0 e:/firmware/tool_chain/9-2020-q2-update/bin/../lib/gcc/arm-none-eabi/9.3.1/../../../../arm-none-eabi/lib/thumb/v6-m/nofp\libg.a(lib_a-vfiprintf.o)
 .text.__sprint_r.part.0
                0x20011e94       0x88 e:/firmware/tool_chain/9-2020-q2-update/bin/../lib/gcc/arm-none-eabi/9.3.1/../../../../arm-none-eabi/lib/thumb/v6-m/nofp\libg.a(lib_a-vfiprintf.o)
 .text.__sprint_r
                0x20011f1c       0x14 e:/firmware/tool_chain/9-2020-q2-update/bin/../lib/gcc/arm-none-eabi/9.3.1/../../../../arm-none-eabi/lib/thumb/v6-m/nofp\libg.a(lib_a-vfiprintf.o)
                0x20011f1c                __sprint_r
 .rodata._vfiprintf_r.str1.4
                0x20011f30       0x2f e:/firmware/tool_chain/9-2020-q2-update/bin/../lib/gcc/arm-none-eabi/9.3.1/../../../../arm-none-eabi/lib/thumb/v6-m/nofp\libg.a(lib_a-vfiprintf.o)
 .text._vfiprintf_r
                0x20011f30      0xdb8 e:/firmware/tool_chain/9-2020-q2-update/bin/../lib/gcc/arm-none-eabi/9.3.1/../../../../arm-none-eabi/lib/thumb/v6-m/nofp\libg.a(lib_a-vfiprintf.o)
                0x20011f30                _vfiprintf_r
 .rodata._vfiprintf_r
                0x20012ce8      0x16c e:/firmware/tool_chain/9-2020-q2-update/bin/../lib/gcc/arm-none-eabi/9.3.1/../../../../arm-none-eabi/lib/thumb/v6-m/nofp\libg.a(lib_a-vfiprintf.o)
 .text.vfiprintf
                0x20012e54       0x18 e:/firmware/tool_chain/9-2020-q2-update/bin/../lib/gcc/arm-none-eabi/9.3.1/../../../../arm-none-eabi/lib/thumb/v6-m/nofp\libg.a(lib_a-vfiprintf.o)
                0x20012e54                vfiprintf
 .text.__sbprintf
                0x20012e6c       0x8c e:/firmware/tool_chain/9-2020-q2-update/bin/../lib/gcc/arm-none-eabi/9.3.1/../../../../arm-none-eabi/lib/thumb/v6-m/nofp\libg.a(lib_a-vfiprintf.o)
 .rodata.blanks.7328
                0x20012ef8       0x10 e:/firmware/tool_chain/9-2020-q2-update/bin/../lib/gcc/arm-none-eabi/9.3.1/../../../../arm-none-eabi/lib/thumb/v6-m/nofp\libg.a(lib_a-vfiprintf.o)
 .rodata.zeroes.7329
                0x20012f08       0x10 e:/firmware/tool_chain/9-2020-q2-update/bin/../lib/gcc/arm-none-eabi/9.3.1/../../../../arm-none-eabi/lib/thumb/v6-m/nofp\libg.a(lib_a-vfiprintf.o)
 .text          0x20012f18        0x0 e:/firmware/tool_chain/9-2020-q2-update/bin/../lib/gcc/arm-none-eabi/9.3.1/../../../../arm-none-eabi/lib/thumb/v6-m/nofp\libg.a(lib_a-wbuf.o)
 .text.__swbuf_r
                0x20012f18       0xc8 e:/firmware/tool_chain/9-2020-q2-update/bin/../lib/gcc/arm-none-eabi/9.3.1/../../../../arm-none-eabi/lib/thumb/v6-m/nofp\libg.a(lib_a-wbuf.o)
                0x20012f18                __swbuf_r
 .text.__swbuf  0x20012fe0       0x18 e:/firmware/tool_chain/9-2020-q2-update/bin/../lib/gcc/arm-none-eabi/9.3.1/../../../../arm-none-eabi/lib/thumb/v6-m/nofp\libg.a(lib_a-wbuf.o)
                0x20012fe0                __swbuf
 .text          0x20012ff8        0x0 e:/firmware/tool_chain/9-2020-q2-update/bin/../lib/gcc/arm-none-eabi/9.3.1/../../../../arm-none-eabi/lib/thumb/v6-m/nofp\libg.a(lib_a-writer.o)
 .text._write_r
                0x20012ff8       0x28 e:/firmware/tool_chain/9-2020-q2-update/bin/../lib/gcc/arm-none-eabi/9.3.1/../../../../arm-none-eabi/lib/thumb/v6-m/nofp\libg.a(lib_a-writer.o)
                0x20012ff8                _write_r
 .text          0x20013020        0x0 e:/firmware/tool_chain/9-2020-q2-update/bin/../lib/gcc/arm-none-eabi/9.3.1/../../../../arm-none-eabi/lib/thumb/v6-m/nofp\libg.a(lib_a-__atexit.o)
 .text.__register_exitproc
                0x20013020       0xac e:/firmware/tool_chain/9-2020-q2-update/bin/../lib/gcc/arm-none-eabi/9.3.1/../../../../arm-none-eabi/lib/thumb/v6-m/nofp\libg.a(lib_a-__atexit.o)
                0x20013020                __register_exitproc
 .text          0x200130cc        0x0 e:/firmware/tool_chain/9-2020-q2-update/bin/../lib/gcc/arm-none-eabi/9.3.1/../../../../arm-none-eabi/lib/thumb/v6-m/nofp\libg.a(lib_a-assert.o)
 .rodata.__assert_func.str1.4
                0x200130cc       0x3f e:/firmware/tool_chain/9-2020-q2-update/bin/../lib/gcc/arm-none-eabi/9.3.1/../../../../arm-none-eabi/lib/thumb/v6-m/nofp\libg.a(lib_a-assert.o)
                                 0x43 (size before relaxing)
 *fill*         0x2001310b        0x1 
 .text.__assert_func
                0x2001310c       0x40 e:/firmware/tool_chain/9-2020-q2-update/bin/../lib/gcc/arm-none-eabi/9.3.1/../../../../arm-none-eabi/lib/thumb/v6-m/nofp\libg.a(lib_a-assert.o)
                0x2001310c                __assert_func
 .text.__assert
                0x2001314c        0xc e:/firmware/tool_chain/9-2020-q2-update/bin/../lib/gcc/arm-none-eabi/9.3.1/../../../../arm-none-eabi/lib/thumb/v6-m/nofp\libg.a(lib_a-assert.o)
                0x2001314c                __assert
 .text          0x20013158        0x0 e:/firmware/tool_chain/9-2020-q2-update/bin/../lib/gcc/arm-none-eabi/9.3.1/../../../../arm-none-eabi/lib/thumb/v6-m/nofp\libg.a(lib_a-callocr.o)
 .text._calloc_r
                0x20013158       0x5c e:/firmware/tool_chain/9-2020-q2-update/bin/../lib/gcc/arm-none-eabi/9.3.1/../../../../arm-none-eabi/lib/thumb/v6-m/nofp\libg.a(lib_a-callocr.o)
                0x20013158                _calloc_r
 .text          0x200131b4        0x0 e:/firmware/tool_chain/9-2020-q2-update/bin/../lib/gcc/arm-none-eabi/9.3.1/../../../../arm-none-eabi/lib/thumb/v6-m/nofp\libg.a(lib_a-closer.o)
 .text._close_r
                0x200131b4       0x24 e:/firmware/tool_chain/9-2020-q2-update/bin/../lib/gcc/arm-none-eabi/9.3.1/../../../../arm-none-eabi/lib/thumb/v6-m/nofp\libg.a(lib_a-closer.o)
                0x200131b4                _close_r
 .text          0x200131d8        0x0 e:/firmware/tool_chain/9-2020-q2-update/bin/../lib/gcc/arm-none-eabi/9.3.1/../../../../arm-none-eabi/lib/thumb/v6-m/nofp\libg.a(lib_a-fclose.o)
 .text._fclose_r
                0x200131d8       0xdc e:/firmware/tool_chain/9-2020-q2-update/bin/../lib/gcc/arm-none-eabi/9.3.1/../../../../arm-none-eabi/lib/thumb/v6-m/nofp\libg.a(lib_a-fclose.o)
                0x200131d8                _fclose_r
 .text.fclose   0x200132b4       0x14 e:/firmware/tool_chain/9-2020-q2-update/bin/../lib/gcc/arm-none-eabi/9.3.1/../../../../arm-none-eabi/lib/thumb/v6-m/nofp\libg.a(lib_a-fclose.o)